Microchip MPLAB XC8 Compiler V1.45 ()

Linker command line:

-W-3 --edf=C:\Program Files (x86)\Microchip\xc8\v1.45\dat\en_msgs.txt -cs \
  -h+dist/XC8_18F2550/production\Test.X.production.sym \
  --cmf=dist/XC8_18F2550/production\Test.X.production.cmf -z -Q18F2550 \
  -oC:\Temp\sa1k.2 -Mdist/XC8_18F2550/production/Test.X.production.map -E1 \
  -ver=XC8 -ASTACK=06C8h-07ffh -pstack=STACK -ACODE=00h-07FFFh \
  -ACONST=00h-07FFFh -ASMALLCONST=0800h-08FFhx120 \
  -AMEDIUMCONST=0800h-07FFFh -ACOMRAM=01h-05Fh -AABS1=00h-07FFh \
  -ABIGRAM=01h-07FFh -ARAM=060h-0FFh,0100h-01FFhx7 -ABANK0=060h-0FFh \
  -ABANK1=0100h-01FFh -ABANK2=0200h-02FFh -ABANK3=0300h-03FFh \
  -ABANK4=0400h-04FFh -ABANK5=0500h-05FFh -ABANK6=0600h-06FFh \
  -ABANK7=0700h-07FFh -ASFR=0F60h-0FFFh \
  -preset_vec=00h,intcode=08h,intcodelo,powerup,init -pramtop=0800h \
  -psmallconst=SMALLCONST -pmediumconst=MEDIUMCONST -pconst=CONST \
  -AFARRAM=00h-00h -ACONFIG=0300000h-030000Dh -pconfig=CONFIG \
  -AIDLOC=0200000h-0200007h -pidloc=IDLOC -AEEDATA=0F00000h-0F000FFh \
  -peeprom_data=EEDATA \
  -prdata=COMRAM,nvrram=COMRAM,nvbit=COMRAM,rbss=COMRAM,rbit=COMRAM \
  -pfarbss=FARRAM,fardata=FARRAM,nvFARRAM=FARRAM \
  -pintsave_regs=BIGRAM,bigbss=BIGRAM,bigdata=BIGRAM -pbss=RAM \
  -pidata=CODE,irdata=CODE,ibigdata=CODE,ifardata=CODE -prparam=COMRAM \
  C:\Temp\sa1k.obj dist/XC8_18F2550/production\Test.X.production.obj 

Object code version is 3.11

Machine type is 18F2550

Call graph: (short form)




                Name                               Link     Load   Length Selector   Space Scale
C:\Temp\sa1k.obj
                init                                  E        E        4        4       0
                reset_vec                             0        0        4        0       0
                idloc                            200000   200000        8   200000       0
                config                           300000   300000        E   300000       0
dist/XC8_18F2550/production\Test.X.production.obj
                intcode                               8        8        6        4       0
                temp                                 5F       5F        1        1       1
                smallconst                          800      800       EA      400       0
                text139                            5230     5230       24      475       0
                text138                            159E     159E      226      475       0
                text137                            4950     4950       68      475       0
                text136                            556A     556A        E      475       0
                text135                            555C     555C        E      475       0
                text134                            554E     554E        E      475       0
                text133                            5540     5540        E      475       0
                text132                            5532     5532        E      475       0
                text131                            5524     5524        E      475       0
                text130                            5516     5516        E      475       0
                text129                            5508     5508        E      475       0
                text128                            53A4     53A4       1E      475       0
                text127                            5386     5386       1E      475       0
                text126                            5578     5578        C      475       0
                text125                            4C82     4C82       4E      475       0
                text124                            4DB0     4DB0       48      475       0
                text123                            4E3C     4E3C       44      475       0
                text122                            4D1C     4D1C       4C      475       0
                text121                            5368     5368       1E      475       0
                text120                            534A     534A       1E      475       0
                text119                            2E7A     2E7A       F2      475       0
                text118                            5254     5254       22      475       0
                text117                            520C     520C       24      475       0
                text116                            371C     371C       C8      475       0
                text115                            134A     134A      254      475       0
                text114                            54FA     54FA        E      475       0
                text113                            4644     4644       76      475       0
                text112                            48E6     48E6       6A      475       0
                intcode_body                       1B6A     1B6A      184      475       0
                text110                            5590     5590        2      475       0
                text109                            558E     558E        2      475       0
                text108                            505E     505E       32      475       0
                text107                            3B84     3B84       B0      475       0
                text106                            4ADE     4ADE       5E      475       0
                text105                            4FB6     4FB6       3A      475       0
                text104                            2F6C     2F6C       E8      475       0
                text103                            51C2     51C2       26      475       0
                text102                            19BC     19BC      1AE      475       0
                text101                            4EC2     4EC2       42      475       0
                text100                            2D84     2D84       F6      475       0
                text99                             5174     5174       28      475       0
                text98                             3302     3302       DC      475       0
                text97                             4552     4552       7A      475       0
                text96                             41AA     41AA       92      475       0
                text95                             2C8C     2C8C       F8      475       0
                text94                             4116     4116       94      475       0
                text93                             321E     321E       E4      475       0
                text92                             3584     3584       CE      475       0
                text91                             17C4     17C4      1F8      475       0
                text90                             2604     2604      12A      475       0
                text89                             1CEE     1CEE      182      475       0
                text88                             2268     2268      13E      475       0
                text87                             472C     472C       72      475       0
                text86                             4F04     4F04       3E      475       0
                text85                             511E     511E       2E      475       0
                text84                              E52      E52      2A0      475       0
                text83                             4D68     4D68       48      475       0
                text82                             519C     519C       26      475       0
                text81                             5482     5482       18      475       0
                text80                             546A     546A       18      475       0
                text79                             5452     5452       18      475       0
                text78                             543A     543A       18      475       0
                text77                             5422     5422       18      475       0
                text76                             540A     540A       18      475       0
                text75                             53F2     53F2       18      475       0
                text74                             53DA     53DA       18      475       0
                text73                             532C     532C       1E      475       0
                text72                             530E     530E       1E      475       0
                text71                             54BE     54BE       12      475       0
                text70                             4B90     4B90       52      475       0
                text69                             4CD0     4CD0       4C      475       0
                text68                             4C32     4C32       50      475       0
                text67                             3E16     3E16       A0      475       0
                text66                             514C     514C       28      475       0
                text65                             2124     2124      144      475       0
                text64                             3652     3652       CA      475       0
                text63                             43D4     43D4       84      475       0
                text62                             23A6     23A6      130      475       0
                text61                             3C34     3C34       A2      475       0
                text60                             53C2     53C2       18      475       0
                text59                             54EC     54EC        E      475       0
                text58                             2B86     2B86      106      475       0
                text57                             434E     434E       86      475       0
                text56                             38AA     38AA       C0      475       0
                text55                             42C8     42C8       86      475       0
                text54                             50F0     50F0       2E      475       0
                text53                             4F7C     4F7C       3A      475       0
                text52                             52F0     52F0       1E      475       0
                text51                             52D2     52D2       1E      475       0
                text50                             51E8     51E8       24      475       0
                text49                             5028     5028       36      475       0
                text48                             4F42     4F42       3A      475       0
                text47                             4A1E     4A1E       62      475       0
                text46                             480C     480C       6E      475       0
                text45                             54AC     54AC       12      475       0
                text44                             44D8     44D8       7A      475       0
                text43                             4BE2     4BE2       50      475       0
                text42                             396A     396A       B8      475       0
                text41                             423C     423C       8C      475       0
                text40                             10F2     10F2      258      475       0
                text39                             54DE     54DE        E      475       0
                text38                             2852     2852      124      475       0
                text37                             3D76     3D76       A0      475       0
                text36                             549A     549A       12      475       0
                text35                             4B3C     4B3C       54      475       0
                text34                             54D0     54D0        E      475       0
                text33                             33DE     33DE       D8      475       0
                text32                             37E4     37E4       C6      475       0
                text31                             34B6     34B6       CE      475       0
                text30                             272E     272E      124      475       0
                text29                             49B8     49B8       66      475       0
                text28                             3FE8     3FE8       98      475       0
                text27                             4DF8     4DF8       44      475       0
                text26                             2A80     2A80      106      475       0
                text25                             487A     487A       6C      475       0
                text24                             3AD4     3AD4       B0      475       0
                text23                             4A80     4A80       5E      475       0
                text22                              BA2      BA2      2B0      475       0
                text21                             24D6     24D6      12E      475       0
                text20                             3A22     3A22       B2      475       0
                text19                             50C0     50C0       30      475       0
                text18                             3054     3054       E6      475       0
                text17                             313A     313A       E4      475       0
                text16                             3CD6     3CD6       A0      475       0
                text15                             2976     2976      10A      475       0
                text14                             3F50     3F50       98      475       0
                text13                             3EB6     3EB6       9A      475       0
                text12                             1FDC     1FDC      148      475       0
                text11                             5276     5276       20      475       0
                text10                             4E80     4E80       42      475       0
                text9                              5090     5090       30      475       0
                text8                              4FF0     4FF0       38      475       0
                text7                              1E70     1E70      16C      475       0
                text6                              52B4     52B4       1E      475       0
                text5                              5296     5296       1E      475       0
                text4                              4458     4458       80      475       0
                text3                              479E     479E       6E      475       0
                text2                              4080     4080       96      475       0
                text1                              46BA     46BA       72      475       0
                text0                               8EA      8EA      2B8      475       0
                cstackCOMRAM                          1        1       5B        1       1
                cstackBANK0                          60       60       84       60       1
                bssBIGRAMl                          440      440      288      440       1
                bssBANK3                            300      300       80      300       1
                dataBANK2                           2EC      2EC        A      200       1
                bssBANK2                            200      200       EC      200       1
                bssBANK1                            100      100       F8      100       1
                bssBANK0                             E4       E4       1C       60       1
                bssCOMRAM                            5C       5C        3        1       1
                cinit                              45CC     45CC       78      475       0
                idataBANK2                         5584     5584        A      475       0

TOTAL           Name                               Link     Load   Length     Space
        CLASS   STACK          

        CLASS   CODE           
                intcode                               8        8        6         0
                init                                  E        E        4         0
                reset_vec                             0        0        4         0
                text139                            5230     5230       24         0
                text138                            159E     159E      226         0
                text137                            4950     4950       68         0
                text136                            556A     556A        E         0
                text135                            555C     555C        E         0
                text134                            554E     554E        E         0
                text133                            5540     5540        E         0
                text132                            5532     5532        E         0
                text131                            5524     5524        E         0
                text130                            5516     5516        E         0
                text129                            5508     5508        E         0
                text128                            53A4     53A4       1E         0
                text127                            5386     5386       1E         0
                text126                            5578     5578        C         0
                text125                            4C82     4C82       4E         0
                text124                            4DB0     4DB0       48         0
                text123                            4E3C     4E3C       44         0
                text122                            4D1C     4D1C       4C         0
                text121                            5368     5368       1E         0
                text120                            534A     534A       1E         0
                text119                            2E7A     2E7A       F2         0
                text118                            5254     5254       22         0
                text117                            520C     520C       24         0
                text116                            371C     371C       C8         0
                text115                            134A     134A      254         0
                text114                            54FA     54FA        E         0
                text113                            4644     4644       76         0
                text112                            48E6     48E6       6A         0
                intcode_body                       1B6A     1B6A      184         0
                text110                            5590     5590        2         0
                text109                            558E     558E        2         0
                text108                            505E     505E       32         0
                text107                            3B84     3B84       B0         0
                text106                            4ADE     4ADE       5E         0
                text105                            4FB6     4FB6       3A         0
                text104                            2F6C     2F6C       E8         0
                text103                            51C2     51C2       26         0
                text102                            19BC     19BC      1AE         0
                text101                            4EC2     4EC2       42         0
                text100                            2D84     2D84       F6         0
                text99                             5174     5174       28         0
                text98                             3302     3302       DC         0
                text97                             4552     4552       7A         0
                text96                             41AA     41AA       92         0
                text95                             2C8C     2C8C       F8         0
                text94                             4116     4116       94         0
                text93                             321E     321E       E4         0
                text92                             3584     3584       CE         0
                text91                             17C4     17C4      1F8         0
                text90                             2604     2604      12A         0
                text89                             1CEE     1CEE      182         0
                text88                             2268     2268      13E         0
                text87                             472C     472C       72         0
                text86                             4F04     4F04       3E         0
                text85                             511E     511E       2E         0
                text84                              E52      E52      2A0         0
                text83                             4D68     4D68       48         0
                text82                             519C     519C       26         0
                text81                             5482     5482       18         0
                text80                             546A     546A       18         0
                text79                             5452     5452       18         0
                text78                             543A     543A       18         0
                text77                             5422     5422       18         0
                text76                             540A     540A       18         0
                text75                             53F2     53F2       18         0
                text74                             53DA     53DA       18         0
                text73                             532C     532C       1E         0
                text72                             530E     530E       1E         0
                text71                             54BE     54BE       12         0
                text70                             4B90     4B90       52         0
                text69                             4CD0     4CD0       4C         0
                text68                             4C32     4C32       50         0
                text67                             3E16     3E16       A0         0
                text66                             514C     514C       28         0
                text65                             2124     2124      144         0
                text64                             3652     3652       CA         0
                text63                             43D4     43D4       84         0
                text62                             23A6     23A6      130         0
                text61                             3C34     3C34       A2         0
                text60                             53C2     53C2       18         0
                text59                             54EC     54EC        E         0
                text58                             2B86     2B86      106         0
                text57                             434E     434E       86         0
                text56                             38AA     38AA       C0         0
                text55                             42C8     42C8       86         0
                text54                             50F0     50F0       2E         0
                text53                             4F7C     4F7C       3A         0
                text52                             52F0     52F0       1E         0
                text51                             52D2     52D2       1E         0
                text50                             51E8     51E8       24         0
                text49                             5028     5028       36         0
                text48                             4F42     4F42       3A         0
                text47                             4A1E     4A1E       62         0
                text46                             480C     480C       6E         0
                text45                             54AC     54AC       12         0
                text44                             44D8     44D8       7A         0
                text43                             4BE2     4BE2       50         0
                text42                             396A     396A       B8         0
                text41                             423C     423C       8C         0
                text40                             10F2     10F2      258         0
                text39                             54DE     54DE        E         0
                text38                             2852     2852      124         0
                text37                             3D76     3D76       A0         0
                text36                             549A     549A       12         0
                text35                             4B3C     4B3C       54         0
                text34                             54D0     54D0        E         0
                text33                             33DE     33DE       D8         0
                text32                             37E4     37E4       C6         0
                text31                             34B6     34B6       CE         0
                text30                             272E     272E      124         0
                text29                             49B8     49B8       66         0
                text28                             3FE8     3FE8       98         0
                text27                             4DF8     4DF8       44         0
                text26                             2A80     2A80      106         0
                text25                             487A     487A       6C         0
                text24                             3AD4     3AD4       B0         0
                text23                             4A80     4A80       5E         0
                text22                              BA2      BA2      2B0         0
                text21                             24D6     24D6      12E         0
                text20                             3A22     3A22       B2         0
                text19                             50C0     50C0       30         0
                text18                             3054     3054       E6         0
                text17                             313A     313A       E4         0
                text16                             3CD6     3CD6       A0         0
                text15                             2976     2976      10A         0
                text14                             3F50     3F50       98         0
                text13                             3EB6     3EB6       9A         0
                text12                             1FDC     1FDC      148         0
                text11                             5276     5276       20         0
                text10                             4E80     4E80       42         0
                text9                              5090     5090       30         0
                text8                              4FF0     4FF0       38         0
                text7                              1E70     1E70      16C         0
                text6                              52B4     52B4       1E         0
                text5                              5296     5296       1E         0
                text4                              4458     4458       80         0
                text3                              479E     479E       6E         0
                text2                              4080     4080       96         0
                text1                              46BA     46BA       72         0
                text0                               8EA      8EA      2B8         0
                cinit                              45CC     45CC       78         0
                idataBANK2                         5584     5584        A         0

        CLASS   CONST          

        CLASS   SMALLCONST     
                smallconst                          800      800       EA         0

        CLASS   MEDIUMCONST    

        CLASS   COMRAM         
                temp                                 5F       5F        1         1
                cstackCOMRAM                          1        1       5B         1
                bssCOMRAM                            5C       5C        3         1

        CLASS   ABS1           
                abs_s1                              400      400       40         1

        CLASS   BIGRAM         
                bssBIGRAMl                          440      440      288         1

        CLASS   RAM            

        CLASS   BANK0          
                cstackBANK0                          60       60       84         1
                bssBANK0                             E4       E4       1C         1

        CLASS   BANK1          
                bssBANK1                            100      100       F8         1

        CLASS   BANK2          
                dataBANK2                           2EC      2EC        A         1
                bssBANK2                            200      200       EC         1

        CLASS   BANK3          
                bssBANK3                            300      300       80         1

        CLASS   BANK4          

        CLASS   BANK5          

        CLASS   BANK6          

        CLASS   BANK7          

        CLASS   SFR            

        CLASS   FARRAM         

        CLASS   CONFIG         
                config                           300000   300000        E         0

        CLASS   IDLOC          
                idloc                            200000   200000        8         0

        CLASS   EEDATA         



SEGMENTS        Name                           Load    Length   Top    Selector   Space  Class

                reset_vec                      000000  000004  000004         0       0  CODE    
                cstackCOMRAM                   000001  00005F  000060         1       1  COMRAM  
                intcode                        000008  00000A  000012         4       0  CODE    
                cstackBANK0                    000060  0000A0  000100        60       1  BANK0   
                bssBANK1                       000100  0000F8  0001F8       100       1  BANK1   
                bssBANK2                       000200  0000F6  0002F6       200       1  BANK2   
                bssBANK3                       000300  000080  000380       300       1  BANK3   
                bssBIGRAMl                     000440  000288  0006C8       440       1  BIGRAM  
                smallconst                     000800  0000EA  0008EA       400       0  SMALLCON
                text0                          0008EA  004CA8  005592       475       0  CODE    
                idloc                          200000  000008  200008    200000       0  IDLOC   
                config                         300000  00000E  30000E    300000       0  CONFIG  


UNUSED ADDRESS RANGES

        Name                Unused          Largest block    Delta
        BANK1            0001F8-0001FF                8
        BANK2            0002F6-0002FF                A
        BANK3            000380-0003FF               80
        BANK6            0006C8-0006FF               38
        BANK7            000700-0007FF              100
        BIGRAM           0001F8-0001FF                8
                         0002F6-0002FF                A
                         000380-0003FF               80
                         0006C8-0007FF              138
        CODE             000004-000007                4
                         000012-0007FF              7EE
                         005592-007FFF             2A6E
        CONST            000004-000007                4
                         000012-0007FF              7EE
                         005592-007FFF             2A6E
        EEDATA           F00000-F000FF              100
        MEDIUMCONST      005592-007FFF             2A6E
        RAM              0001F8-0001FF                8
                         0002F6-0002FF                A
                         000380-0003FF               80
                         0006C8-0007FF               38
        SFR              000F60-000FFF               A0
        SMALLCONST       005592-007FFF              100
        STACK            0006C8-0007FF              138

                                  Symbol Table

?_USBTransferOnePacket                    cstackBANK0  000060
?___altoft                                cstackBANK0  000068
?___awdiv                                 cstackBANK0  000060
?___awmod                                 cstackBANK0  000064
?___awtoft                                cstackBANK0  000068
?___ftadd                                 cstackBANK0  000090
?___ftdiv                                 cstackBANK0  000081
?___ftmul                                 cstackBANK0  000072
?___ftneg                                 cstackBANK0  000060
?___ftpack                                cstackBANK0  000060
?___ftsub                                 cstackBANK0  00009C
?___fttol                                 cstackBANK0  000090
?___lbtoft                                cstackBANK0  000068
?___lldiv                                 cstackBANK0  000060
?___lltoft                                cstackBANK0  000068
?___wmul                                  cstackBANK0  000060
?_eval_poly                               cstackBANK0  00009C
?_exp                                     cstackBANK0  0000AF
?_floor                                   cstackBANK0  00009F
?_frexp                                   cstackBANK0  000060
?_ldexp                                   cstackBANK0  0000A8
?_log                                     cstackBANK0  0000A8
?_memcmp                                  cstackBANK0  000060
?_pow                                     cstackBANK0  0000B8
ClockDown@AIO                             cstackBANK0  000061
ClockUp@AIO                               cstackBANK0  000061
DigiPot_ClockWrite@value                  cstackBANK0  000060
DigiPot_DataWrite@value                   cstackBANK0  000060
DigiPot_LatchWrite@value                  cstackBANK0  000060
Display_ClockWrite@value                  cstackBANK0  000060
Display_DataWrite@value                   cstackBANK0  000060
Display_Init@i                            cstackBANK0  0000D1
Display_Init@i_2656                       cstackBANK0  0000D3
Display_LatchWrite@value                  cstackBANK0  000060
Display_ProcessData@ADigitalValue         cstackBANK0  000071
Display_ProcessData@ALoaded               cstackBANK0  00006C
Display_ProcessData@APushed               cstackBANK0  00006D
Display_ProcessData@AValues               cstackBANK0  00006A
Display_ProcessData@LBit                  cstackBANK0  000073
Display_ProcessData@LData                 cstackBANK0  000072
Display_ProcessData@i                     cstackBANK0  000079
Display_ProcessData@iDataIndex            cstackBANK0  000074
Display_ProcessData@i_2670                cstackBANK0  00007B
Display_ProcessData@i_2672                cstackBANK0  000077
Display_ProcessData@i_2676                cstackBANK0  00007F
Display_ProcessData@j                     cstackBANK0  00007D
Display_ProcessData@k                     cstackBANK0  000075
Display_SwapBuffer@LSwap                  cstackCOMRAM 000001
Hub_ClockWrite@value                      cstackBANK0  000060
Hub_DecodeSwitch@AIndex1                  cstackCOMRAM 000004
Hub_DecodeSwitch@AIndex2                  cstackCOMRAM 000001
Hub_Init@i                                cstackBANK0  0000A5
Hub_LatchWrite@value                      cstackBANK0  000060
Hub_ReadSwitch@LBitArray                  cstackBANK0  00008B
Hub_SetValue@AIncrement                   cstackCOMRAM 00000A
Hub_SetValue@AMaxValue                    cstackCOMRAM 000008
Hub_SetValue@AMinValue                    cstackCOMRAM 000007
Hub_SetValue@ASourceValue                 cstackCOMRAM 000005
Hub_SetValue@LValue                       cstackCOMRAM 00000C
Hub_UpdateValues@i                        cstackCOMRAM 000046
I2C_Ack@AAck                              cstackBANK0  000065
I2C_Init@AFrequency                       cstackBANK0  00009F
I2C_Init@LRatio                           cstackBANK0  0000A3
I2C_Read@LData                            cstackBANK0  000066
I2C_Wait@LResult                          cstackBANK0  000064
I2C_Wait@LTimeOut                         cstackBANK0  000062
I2C_Write@b                               cstackBANK0  000065
InitApp@LResult                           cstackBANK0  0000D5
InitApp@test                              cstackBANK0  0000D6
InitConnector@AConnector                  cstackBANK0  000062
InitDigiPot@LPeriod                       cstackBANK0  0000CD
InitDigiPot@LPrescaler                    cstackBANK0  0000D3
InitDigiPot@LTickCount                    cstackBANK0  0000C9
InitPin@APin                              cstackBANK0  000060
Interrupt@LData                           cstackCOMRAM 00005B
LatchOff@AIO                              cstackBANK0  000061
LatchOn@AIO                               cstackBANK0  000061
Load@AChannel                             cstackBANK0  0000C6
Load@LBuffer                              cstackBANK0  0000BA
Load@i                                    cstackBANK0  0000C7
Load@i_2411                               cstackBANK0  0000C9
Midi_Init@LBaudRate                       cstackBANK0  000071
Midi_Init@LPeriod                         cstackBANK0  000075
Midi_Read@AData                           cstackBANK0  000060
Midi_Read@AMidiBuffer                     cstackBANK0  000062
Midi_ResetBuffer@AMidiBuffer              cstackBANK0  000060
Midi_ResetBuffer@i                        cstackBANK0  000065
Midi_ResetBuffer@j                        cstackBANK0  000064
Midi_Write@AData                          cstackBANK0  000069
Midi_Write@AMidiBuffer                    cstackBANK0  000060
Persistant_Address@AAddress               cstackBANK0  00006C
Persistant_Address@ARead                  cstackBANK0  00006E
Persistant_ControlByte@AAddress           cstackBANK0  000066
Persistant_ControlByte@ARead              cstackBANK0  000068
Persistant_LoadBuffer@ABuffer             cstackBANK0  0000AB
Persistant_LoadBuffer@LChannel            cstackBANK0  0000B8
Persistant_LoadBuffer@LResult             cstackBANK0  0000AD
Persistant_LoadBuffer@LZip                cstackBANK0  0000AE
Persistant_LoadBuffer@i                   cstackBANK0  0000B9
Persistant_ReadExternalMemory@AAddress    cstackBANK0  00006F
Persistant_ReadExternalMemory@LResult     cstackBANK0  000071
Persistant_ReadInternalMemory@AAddress    cstackBANK0  000068
Persistant_SaveBuffer@ABuffer             cstackBANK0  0000B1
Persistant_SaveBuffer@LResult             cstackBANK0  0000BD
Persistant_SaveBuffer@LZip                cstackBANK0  0000BE
Persistant_SaveBuffer@i                   cstackBANK0  0000C8
Persistant_WriteExternalMemory@AAddress   cstackBANK0  000072
Persistant_WriteExternalMemory@AData      cstackBANK0  000074
Persistant_WriteInternalMemory@AAddress   cstackBANK0  00006A
Persistant_WriteInternalMemory@AData      cstackBANK0  00006C
Persistant_WriteInternalMemory@LState     cstackBANK0  00006D
ReadBit@AIO                               cstackBANK0  00006D
ReadBit@LBit                              cstackBANK0  000079
ReadBitArray@AData                        cstackBANK0  00007A
ReadBitArray@AIO                          cstackBANK0  00007C
ReadBitArray@i                            cstackBANK0  000089
Sequencer_StartTimer@ALoop                cstackBANK0  0000A2
Sequencer_StartTimer@ATime                cstackBANK0  00009F
USBConfigureEndpoint@EPNum                cstackBANK0  000065
USBConfigureEndpoint@direction            cstackBANK0  000060
USBConfigureEndpoint@handle               cstackBANK0  000066
USBCtrlTrfInHandler@lastDTS               cstackBANK0  000061
USBCtrlTrfRxService@byteToRead            cstackBANK0  000061
USBCtrlTrfRxService@i                     cstackBANK0  000060
USBCtrlTrfTxService@byteToSend            cstackBANK0  000060
USBDeviceInit@i                           cstackBANK0  000068
USBDeviceTasks@i                          cstackBANK0  00007B
USBEnableEndpoint@ep                      cstackBANK0  00006B
USBEnableEndpoint@options                 cstackBANK0  000068
USBEnableEndpoint@p                       cstackBANK0  000069
USBStdFeatureReqHandler@current_ep_data   cstackBANK0  000077
USBStdFeatureReqHandler@p                 cstackBANK0  000078
USBStdFeatureReqHandler@pUEP              cstackBANK0  000075
USBStdGetStatusHandler@p                  cstackBANK0  000061
USBStdSetCfgHandler@i                     cstackBANK0  000074
USBTransferOnePacket@data                 cstackBANK0  000061
USBTransferOnePacket@dir                  cstackBANK0  000060
USBTransferOnePacket@ep                   cstackBANK0  000068
USBTransferOnePacket@handle               cstackBANK0  000069
USBTransferOnePacket@len                  cstackBANK0  000063
USER_USB_CALLBACK_EVENT_HANDLER@event     cstackBANK0  00006C
USER_USB_CALLBACK_EVENT_HANDLER@pdata     cstackBANK0  00006E
USER_USB_CALLBACK_EVENT_HANDLER@size      cstackBANK0  000070
UnZip@AZip                                cstackBANK0  00009F
UnZip@LIndex                              cstackBANK0  0000A6
UnZip@LValue                              cstackBANK0  0000A5
UnZip@i                                   cstackBANK0  0000A7
UnZip@j                                   cstackBANK0  0000A9
WriteChar@AChar                           cstackBANK0  00007B
WriteChar@AIO                             cstackBANK0  00006D
WriteChar@i                               cstackBANK0  00007C
WriteData@AData                           cstackBANK0  00007E
WriteData@AIO                             cstackBANK0  000081
WriteData@ASize                           cstackBANK0  000080
WriteData@i                               cstackBANK0  00008D
Zip@AZip                                  cstackBANK0  00009F
Zip@LBytes                                cstackBANK0  0000A8
Zip@LIndex                                cstackBANK0  0000AA
Zip@i                                     cstackBANK0  0000AB
Zip@i_3504                                cstackBANK0  0000AD
Zip@j                                     cstackBANK0  0000AF
_ACKDT                                    (abs)        007E2D
_ACKEN                                    (abs)        007E2C
_ADCON1                                   (abs)        000FC1
_BDT                                      (abs)        000400
_BRGH                                     (abs)        007D62
_BaudRateGen                              bssBANK1     000114
_BothEP0OutUOWNsSet                       bssBANK1     00013C
_CDCDataInHandle                          bssBANK1     00012E
_CDCDataOutHandle                         bssCOMRAM    00005C
_CDCInitEP                                text25       00487A
_CREN                                     (abs)        007D5C
_ClockDown                                text73       00532C
_ClockUp                                  text72       00530E
_ConfigureOscillator                      text110      005590
_CtrlTrfData                              (abs)        000438
_DigiPot_ClockWrite                       text76       00540A
_DigiPot_ClockWrite$intlevel0             text76       005410
_DigiPot_DataWrite                        text75       0053F2
_DigiPot_DataWrite$intlevel0              text75       0053F8
_DigiPot_LatchWrite                       text74       0053DA
_DigiPot_LatchWrite$intlevel0             text74       0053E0
_Display_ClockWrite                       text80       00546A
_Display_ClockWrite$intlevel0             text80       005470
_Display_DataWrite                        text79       005452
_Display_DataWrite$intlevel0              text79       005458
_Display_Init                             text88       002268
_Display_Init$4455                        cstackBANK0  0000CB
_Display_Init$4456                        cstackBANK0  0000CE
_Display_LatchWrite                       text78       00543A
_Display_LatchWrite$intlevel0             text78       005440
_Display_ProcessData                      text84       000E52
_Display_SwapBuffer                       text139      005230
_EEADR                                    (abs)        000FA9
_EECON1bits                               (abs)        000FA6
_EECON2                                   (abs)        000FA7
_EEDATA                                   (abs)        000FA8
_GIE                                      (abs)        007F97
_Hub_ClockWrite                           text77       005422
_Hub_ClockWrite$intlevel0                 text77       005428
_Hub_CopyBuffer                           text82       00519C
_Hub_DataRead                             text71       0054BE
_Hub_DataRead$intlevel0                   text71       0054C4
_Hub_DecodeSwitch                         text138      00159E
_Hub_Init                                 text67       003E16
_Hub_LatchWrite                           text81       005482
_Hub_LatchWrite$intlevel0                 text81       005488
_Hub_ReadSwitch                           text68       004C32
_Hub_SetValue                             text137      004950
_Hub_UpdateValues                         text119      002E7A
_I2C_Ack                                  text54       0050F0
_I2C_Init                                 text61       003C34
_I2C_Read                                 text53       004F7C
_I2C_Start                                text51       0052D2
_I2C_Stop                                 text52       0052F0
_I2C_Wait                                 text55       0042C8
_I2C_Write                                text50       0051E8
_INTCONbits                               (abs)        000FF2
_InitApp                                  text44       0044D8
_InitConnector                            text108      00505E
_InitDigiPot                              text65       002124
_InitDigiPot$4457                         cstackBANK0  0000D0
_InitPin                                  text109      00558E
_Interrupt                                intcode      000008
_LATA2                                    (abs)        007C4A
_LATA3                                    (abs)        007C4B
_LATA4                                    (abs)        007C4C
_LATA5                                    (abs)        007C4D
_LATB3                                    (abs)        007C53
_LATB4                                    (abs)        007C54
_LATC2                                    (abs)        007C5A
_LatchOff                                 text6        0052B4
_LatchOn                                  text5        005296
_Load                                     text42       00396A
_Midi_Init                                text62       0023A6
_Midi_Read                                text41       00423C
_Midi_ResetBuffer                         text64       003652
_Midi_Write                               text40       0010F2
_PEIE                                     (abs)        007F96
_PEN                                      (abs)        007E2A
_PIE1bits                                 (abs)        000F9D
_PIE2bits                                 (abs)        000FA0
_PIR1bits                                 (abs)        000F9E
_PIR2bits                                 (abs)        000FA1
_PORTBbits                                (abs)        000F81
_PSA                                      (abs)        007EAB
_PauseHub                                 text39       0054DE
_Persistant_Address                       text48       004F42
_Persistant_ControlByte                   text49       005028
_Persistant_Init                          text60       0053C2
_Persistant_LoadBuffer                    text56       0038AA
_Persistant_ReadExternalMemory            text47       004A1E
_Persistant_ReadInternalMemory            text59       0054EC
_Persistant_SaveBuffer                    text37       003D76
_Persistant_WriteExternalMemory           text46       00480C
_Persistant_WriteInternalMemory           text43       004BE2
_RCEN                                     (abs)        007E2B
_RCIE                                     (abs)        007CED
_RCIF                                     (abs)        007CF5
_RCIP                                     (abs)        007CFD
_RCREG                                    (abs)        000FAE
_RCSTAbits                                (abs)        000FAB
_RSEN                                     (abs)        007E29
_RW                                       (abs)        007E3A
_RX9                                      (abs)        007D5E
_ReadBit                                  text70       004B90
_ReadBitArray                             text69       004CD0
_RemoteWakeup                             bssBANK1     00013E
_RunHub                                   text36       00549A
_SEN                                      (abs)        007E28
_SPBRG                                    (abs)        000FAF
_SPEN                                     (abs)        007D5F
_SSPADD                                   (abs)        000FC8
_SSPBUF                                   (abs)        000FC9
_SSPCON1                                  (abs)        000FC6
_SSPCON2                                  (abs)        000FC5
_SSPIF                                    (abs)        007CF3
_SSPSTAT                                  (abs)        000FC7
_SYNC                                     (abs)        007D64
_Sequencer_Start                          text45       0054AC
_Sequencer_StartTimer                     text35       004B3C
_Sequencer_StopTimer                      text34       0054D0
_Sequencer_TimerEvent                     text118      005254
_SetupPkt                                 (abs)        000430
_T08BIT                                   (abs)        007EAE
_T0CS                                     (abs)        007EAD
_T0PS0                                    (abs)        007EA8
_T0PS1                                    (abs)        007EA9
_T0PS2                                    (abs)        007EAA
_T1CKPS0                                  (abs)        007E6C
_T1OSCEN                                  (abs)        007E6B
_T1SYNC                                   (abs)        007E6A
_TMR0IE                                   (abs)        007F95
_TMR0IF                                   (abs)        007F92
_TMR0ON                                   (abs)        007EAF
_TMR1CS                                   (abs)        007E69
_TMR1H                                    (abs)        000FCF
_TMR1IE                                   (abs)        007CE8
_TMR1IF                                   (abs)        007CF0
_TMR1L                                    (abs)        000FCE
_TMR1ON                                   (abs)        007E68
_TRISA2                                   (abs)        007C92
_TRISA3                                   (abs)        007C93
_TRISA4                                   (abs)        007C94
_TRISA5                                   (abs)        007C95
_TRISB0                                   (abs)        007C98
_TRISB1                                   (abs)        007C99
_TRISB2                                   (abs)        007C9A
_TRISB3                                   (abs)        007C9B
_TRISB4                                   (abs)        007C9C
_TRISC2                                   (abs)        007CA2
_TRISC6                                   (abs)        007CA6
_TRISC7                                   (abs)        007CA7
_TX9                                      (abs)        007D66
_TXEN                                     (abs)        007D65
_UADDR                                    (abs)        000F6E
_UCFG                                     (abs)        000F6F
_UCON                                     (abs)        000F6D
_UCONbits                                 (abs)        000F6D
_UEIE                                     (abs)        000F6B
_UEIR                                     (abs)        000F6A
_UEP0                                     (abs)        000F70
_UEP0bits                                 (abs)        000F70
_UEP1                                     (abs)        000F71
_UIE                                      (abs)        000F69
_UIEbits                                  (abs)        000F69
_UIR                                      (abs)        000F68
_UIRbits                                  (abs)        000F68
_USB1msTickCount                          bssBANK1     000118
_USBActiveConfiguration                   bssBANK0     0000FF
_USBAlternateInterface                    bssBANK1     0001F6
_USBBusIsSuspended                        bssBANK1     00013D
_USBCheckCDCRequest                       text24       003AD4
_USBCheckStdRequest                       text17       00313A
_USBConfigureEndpoint                     text28       003FE8
_USBCtrlEPAllowDataStage                  text16       003CD6
_USBCtrlEPAllowStatusStage                text31       0034B6
_USBCtrlEPService                         text13       003EB6
_USBCtrlEPServiceComplete                 text15       002976
_USBCtrlTrfInHandler                      text32       0037E4
_USBCtrlTrfOutHandler                     text29       0049B8
_USBCtrlTrfRxService                      text30       00272E
_USBCtrlTrfSetupHandler                   text14       003F50
_USBCtrlTrfTxService                      text33       0033DE
_USBDeferINDataStagePackets               bssBANK1     000139
_USBDeferOUTDataStagePackets              bssBANK1     000138
_USBDeferStatusStagePacket                bssBANK0     0000F7
_USBDeviceInit                            text12       001FDC
_USBDeviceState                           bssBANK0     0000FC
_USBDeviceTasks                           text7        001E70
_USBEnableEndpoint                        text27       004DF8
_USBIncrement1msInternalTimers            text11       005276
_USBStallHandler                          text10       004E80
_USBStatusStageEnabledFlag1               bssBANK1     00013B
_USBStatusStageEnabledFlag2               bssBANK1     00013A
_USBStatusStageTimeoutCounter             bssBANK0     0000F8
_USBStdFeatureReqHandler                  text22       000BA2
_USBStdGetDscHandler                      text21       0024D6
_USBStdGetStatusHandler                   text20       003A22
_USBStdSetCfgHandler                      text18       003054
_USBSuspend                               text9        005090
_USBTicksSinceSuspendEnd                  bssBANK1     000137
_USBTransferOnePacket                     text26       002A80
_USBWakeFromSuspend                       text8        004FF0
_USB_CD_Ptr                               smallconst   000807
_USB_SD_Ptr                               smallconst   000801
_USER_USB_CALLBACK_EVENT_HANDLER          text23       004A80
_USTAT                                    (abs)        000F6C
_USTATcopy                                bssBANK0     0000FE
_UnZip                                    text58       002B86
_WriteChar                                text4        004458
_WriteData                                text3        00479E
_Zip                                      text38       002852
__CFG_BOR$ON                              (abs)        000000
__CFG_BORV$3                              (abs)        000000
__CFG_CCP2MX$ON                           (abs)        000000
__CFG_CP0$OFF                             (abs)        000000
__CFG_CP1$OFF                             (abs)        000000
__CFG_CP2$OFF                             (abs)        000000
__CFG_CP3$OFF                             (abs)        000000
__CFG_CPB$OFF                             (abs)        000000
__CFG_CPD$OFF                             (abs)        000000
__CFG_CPUDIV$OSC1_PLL2                    (abs)        000000
__CFG_EBTR0$OFF                           (abs)        000000
__CFG_EBTR1$OFF                           (abs)        000000
__CFG_EBTR2$OFF                           (abs)        000000
__CFG_EBTR3$OFF                           (abs)        000000
__CFG_EBTRB$OFF                           (abs)        000000
__CFG_FCMEN$OFF                           (abs)        000000
__CFG_FOSC$HSPLL_HS                       (abs)        000000
__CFG_IESO$OFF                            (abs)        000000
__CFG_LPT1OSC$OFF                         (abs)        000000
__CFG_LVP$OFF                             (abs)        000000
__CFG_MCLRE$ON                            (abs)        000000
__CFG_PBADEN$ON                           (abs)        000000
__CFG_PLLDIV$5                            (abs)        000000
__CFG_PWRT$OFF                            (abs)        000000
__CFG_STVREN$ON                           (abs)        000000
__CFG_USBDIV$2                            (abs)        000000
__CFG_VREGEN$ON                           (abs)        000000
__CFG_WDT$OFF                             (abs)        000000
__CFG_WDTPS$32768                         (abs)        000000
__CFG_WRT0$OFF                            (abs)        000000
__CFG_WRT1$OFF                            (abs)        000000
__CFG_WRT2$OFF                            (abs)        000000
__CFG_WRT3$OFF                            (abs)        000000
__CFG_WRTB$OFF                            (abs)        000000
__CFG_WRTC$OFF                            (abs)        000000
__CFG_WRTD$OFF                            (abs)        000000
__CFG_XINST$OFF                           (abs)        000000
__Config                                  bssBANK2     0002E0
__DigiPot                                 bssBANK1     0001D9
__Digits                                  dataBANK2    0002EC
__Display                                 bssBANK2     00020A
__HRAM                                    (abs)        000000
__Habs1                                   abs1         000000
__Hbank0                                  bank0        000000
__Hbank1                                  bank1        000000
__Hbank2                                  bank2        000000
__Hbank3                                  bank3        000000
__Hbank4                                  bank4        000000
__Hbank5                                  bank5        000000
__Hbank6                                  bank6        000000
__Hbank7                                  bank7        000000
__Hbigbss                                 bigbss       000000
__Hbigdata                                bigdata      000000
__Hbigram                                 bigram       000000
__Hbss                                    bss          000000
__HbssBANK0                               bssBANK0     000000
__HbssBANK1                               bssBANK1     000000
__HbssBANK2                               bssBANK2     000000
__HbssBANK3                               bssBANK3     000000
__HbssBIGRAMl                             bssBIGRAMl   000000
__HbssCOMRAM                              bssCOMRAM    000000
__Hcinit                                  cinit        000000
__Hclrtext                                clrtext      000000
__Hcomram                                 comram       000000
__Hconfig                                 config       30000E
__Hconst                                  const        000000
__HcstackBANK0                            cstackBANK0  000000
__HcstackCOMRAM                           cstackCOMRAM 000000
__Hdata                                   data         000000
__HdataBANK2                              dataBANK2    000000
__Heeprom_data                            eeprom_data  000000
__Hfarbss                                 farbss       000000
__Hfardata                                fardata      000000
__Hibigdata                               ibigdata     000000
__Hidata                                  idata        000000
__HidataBANK2                             idataBANK2   000000
__Hidloc                                  idloc        200008
__Hifardata                               ifardata     000000
__Hinit                                   init         000012
__Hintcode                                intcode      00000E
__Hintcode_body                           intcode_body 000000
__Hintcodelo                              intcodelo    00000E
__Hintentry                               intentry     000000
__Hintret                                 intret       000000
__Hintsave_regs                           intsave_regs 000000
__Hirdata                                 irdata       000000
__Hmediumconst                            mediumconst  000000
__HnvFARRAM                               nvFARRAM     000000
__Hnvbit                                  nvbit        000000
__Hnvrram                                 nvrram       000000
__Hparam                                  rparam       000000
__Hpowerup                                powerup      00000E
__Hram                                    ram          000000
__Hramtop                                 ramtop       000800
__Hrbit                                   rbit         000000
__Hrbss                                   rbss         000000
__Hrdata                                  rdata        000000
__Hreset_vec                              reset_vec    000004
__Hrparam                                 rparam       000000
__Hsfr                                    sfr          000000
__Hsmallconst                             smallconst   0008EA
__Hspace_0                                (abs)        30000E
__Hspace_1                                (abs)        0006C8
__Hspace_2                                (abs)        000000
__Hstack                                  stack        000000
__Hstruct                                 struct       000000
__Htemp                                   temp         000060
__Htext                                   text         000000
__Htext0                                  text0        000000
__Htext1                                  text1        000000
__Htext10                                 text10       000000
__Htext100                                text100      000000
__Htext101                                text101      000000
__Htext102                                text102      000000
__Htext103                                text103      000000
__Htext104                                text104      000000
__Htext105                                text105      000000
__Htext106                                text106      000000
__Htext107                                text107      000000
__Htext108                                text108      000000
__Htext109                                text109      000000
__Htext11                                 text11       000000
__Htext110                                text110      000000
__Htext112                                text112      000000
__Htext113                                text113      000000
__Htext114                                text114      000000
__Htext115                                text115      000000
__Htext116                                text116      000000
__Htext117                                text117      000000
__Htext118                                text118      000000
__Htext119                                text119      000000
__Htext12                                 text12       000000
__Htext120                                text120      000000
__Htext121                                text121      000000
__Htext122                                text122      000000
__Htext123                                text123      000000
__Htext124                                text124      000000
__Htext125                                text125      000000
__Htext126                                text126      000000
__Htext127                                text127      000000
__Htext128                                text128      000000
__Htext129                                text129      000000
__Htext13                                 text13       000000
__Htext130                                text130      000000
__Htext131                                text131      000000
__Htext132                                text132      000000
__Htext133                                text133      000000
__Htext134                                text134      000000
__Htext135                                text135      000000
__Htext136                                text136      000000
__Htext137                                text137      000000
__Htext138                                text138      000000
__Htext139                                text139      000000
__Htext14                                 text14       000000
__Htext140                                text140      000000
__Htext15                                 text15       000000
__Htext16                                 text16       000000
__Htext17                                 text17       000000
__Htext18                                 text18       000000
__Htext19                                 text19       000000
__Htext2                                  text2        000000
__Htext20                                 text20       000000
__Htext21                                 text21       000000
__Htext22                                 text22       000000
__Htext23                                 text23       000000
__Htext24                                 text24       000000
__Htext25                                 text25       000000
__Htext26                                 text26       000000
__Htext27                                 text27       000000
__Htext28                                 text28       000000
__Htext29                                 text29       000000
__Htext3                                  text3        000000
__Htext30                                 text30       000000
__Htext31                                 text31       000000
__Htext32                                 text32       000000
__Htext33                                 text33       000000
__Htext34                                 text34       000000
__Htext35                                 text35       000000
__Htext36                                 text36       000000
__Htext37                                 text37       000000
__Htext38                                 text38       000000
__Htext39                                 text39       000000
__Htext4                                  text4        000000
__Htext40                                 text40       000000
__Htext41                                 text41       000000
__Htext42                                 text42       000000
__Htext43                                 text43       000000
__Htext44                                 text44       000000
__Htext45                                 text45       000000
__Htext46                                 text46       000000
__Htext47                                 text47       000000
__Htext48                                 text48       000000
__Htext49                                 text49       000000
__Htext5                                  text5        000000
__Htext50                                 text50       000000
__Htext51                                 text51       000000
__Htext52                                 text52       000000
__Htext53                                 text53       000000
__Htext54                                 text54       000000
__Htext55                                 text55       000000
__Htext56                                 text56       000000
__Htext57                                 text57       000000
__Htext58                                 text58       000000
__Htext59                                 text59       000000
__Htext6                                  text6        000000
__Htext60                                 text60       000000
__Htext61                                 text61       000000
__Htext62                                 text62       000000
__Htext63                                 text63       000000
__Htext64                                 text64       000000
__Htext65                                 text65       000000
__Htext66                                 text66       000000
__Htext67                                 text67       000000
__Htext68                                 text68       000000
__Htext69                                 text69       000000
__Htext7                                  text7        000000
__Htext70                                 text70       000000
__Htext71                                 text71       000000
__Htext72                                 text72       000000
__Htext73                                 text73       000000
__Htext74                                 text74       000000
__Htext75                                 text75       000000
__Htext76                                 text76       000000
__Htext77                                 text77       000000
__Htext78                                 text78       000000
__Htext79                                 text79       000000
__Htext8                                  text8        000000
__Htext80                                 text80       000000
__Htext81                                 text81       000000
__Htext82                                 text82       000000
__Htext83                                 text83       000000
__Htext84                                 text84       000000
__Htext85                                 text85       000000
__Htext86                                 text86       000000
__Htext87                                 text87       000000
__Htext88                                 text88       000000
__Htext89                                 text89       000000
__Htext9                                  text9        000000
__Htext90                                 text90       000000
__Htext91                                 text91       000000
__Htext92                                 text92       000000
__Htext93                                 text93       000000
__Htext94                                 text94       000000
__Htext95                                 text95       000000
__Htext96                                 text96       000000
__Htext97                                 text97       000000
__Htext98                                 text98       000000
__Htext99                                 text99       000000
__Hub                                     bssBANK1     00013F
__I2CCount                                bssBANK1     00012A
__I2CResult                               bssBANK1     00012C
__LRAM                                    (abs)        000001
__Labs1                                   abs1         000000
__Lbank0                                  bank0        000000
__Lbank1                                  bank1        000000
__Lbank2                                  bank2        000000
__Lbank3                                  bank3        000000
__Lbank4                                  bank4        000000
__Lbank5                                  bank5        000000
__Lbank6                                  bank6        000000
__Lbank7                                  bank7        000000
__Lbigbss                                 bigbss       000000
__Lbigdata                                bigdata      000000
__Lbigram                                 bigram       000000
__Lbss                                    bss          000000
__LbssBANK0                               bssBANK0     000000
__LbssBANK1                               bssBANK1     000000
__LbssBANK2                               bssBANK2     000000
__LbssBANK3                               bssBANK3     000000
__LbssBIGRAMl                             bssBIGRAMl   000000
__LbssCOMRAM                              bssCOMRAM    000000
__Lcinit                                  cinit        000000
__Lclrtext                                clrtext      000000
__Lcomram                                 comram       000000
__Lconfig                                 config       300000
__Lconst                                  const        000000
__LcstackBANK0                            cstackBANK0  000000
__LcstackCOMRAM                           cstackCOMRAM 000000
__Ldata                                   data         000000
__LdataBANK2                              dataBANK2    000000
__Leeprom_data                            eeprom_data  000000
__Lfarbss                                 farbss       000000
__Lfardata                                fardata      000000
__Libigdata                               ibigdata     000000
__Lidata                                  idata        000000
__LidataBANK2                             idataBANK2   000000
__Lidloc                                  idloc        200000
__Lifardata                               ifardata     000000
__Linit                                   init         00000E
__Lintcode                                intcode      000008
__Lintcode_body                           intcode_body 000000
__Lintcodelo                              intcodelo    00000E
__Lintentry                               intentry     000000
__Lintret                                 intret       000000
__Lintsave_regs                           intsave_regs 000000
__Lirdata                                 irdata       000000
__Lmediumconst                            mediumconst  000000
__LnvFARRAM                               nvFARRAM     000000
__Lnvbit                                  nvbit        000000
__Lnvrram                                 nvrram       000000
__Lparam                                  rparam       000000
__Lpowerup                                powerup      00000E
__Lram                                    ram          000000
__Lramtop                                 ramtop       000800
__Lrbit                                   rbit         000000
__Lrbss                                   rbss         000000
__Lrdata                                  rdata        000000
__Lreset_vec                              reset_vec    000000
__Lrparam                                 rparam       000000
__Lsfr                                    sfr          000000
__Lsmallconst                             smallconst   000800
__Lspace_0                                (abs)        000000
__Lspace_1                                (abs)        000000
__Lspace_2                                (abs)        000000
__Lstack                                  stack        000000
__Lstruct                                 struct       000000
__Ltemp                                   temp         00005F
__Ltext                                   text         000000
__Ltext0                                  text0        000000
__Ltext1                                  text1        000000
__Ltext10                                 text10       000000
__Ltext100                                text100      000000
__Ltext101                                text101      000000
__Ltext102                                text102      000000
__Ltext103                                text103      000000
__Ltext104                                text104      000000
__Ltext105                                text105      000000
__Ltext106                                text106      000000
__Ltext107                                text107      000000
__Ltext108                                text108      000000
__Ltext109                                text109      000000
__Ltext11                                 text11       000000
__Ltext110                                text110      000000
__Ltext112                                text112      000000
__Ltext113                                text113      000000
__Ltext114                                text114      000000
__Ltext115                                text115      000000
__Ltext116                                text116      000000
__Ltext117                                text117      000000
__Ltext118                                text118      000000
__Ltext119                                text119      000000
__Ltext12                                 text12       000000
__Ltext120                                text120      000000
__Ltext121                                text121      000000
__Ltext122                                text122      000000
__Ltext123                                text123      000000
__Ltext124                                text124      000000
__Ltext125                                text125      000000
__Ltext126                                text126      000000
__Ltext127                                text127      000000
__Ltext128                                text128      000000
__Ltext129                                text129      000000
__Ltext13                                 text13       000000
__Ltext130                                text130      000000
__Ltext131                                text131      000000
__Ltext132                                text132      000000
__Ltext133                                text133      000000
__Ltext134                                text134      000000
__Ltext135                                text135      000000
__Ltext136                                text136      000000
__Ltext137                                text137      000000
__Ltext138                                text138      000000
__Ltext139                                text139      000000
__Ltext14                                 text14       000000
__Ltext140                                text140      000000
__Ltext15                                 text15       000000
[...]
Total ram usage:        1 bytes
 Hardware stack levels used:    1
 This function calls:
		Nothing
 This function is called by:
 This function uses a non-reentrant model


 *************** function i2_Display_LatchWrite *****************
 Defined at:
		line 41 in file "display.c"
 Parameters:    Size  Location     Type
  value           1    wreg     unsigned char 
 Auto vars:     Size  Location     Type
  value           1    0[COMRAM] unsigned char 
 Return value:  Size  Location     Type
                  1    wreg      void 
 Registers used:
		wreg
 Tracked objects:
		On entry : 
		On exit  : 
		Unchanged: 
 Data sizes:     COMRAM   BANK0   BANK1   BANK2   BANK3   BANK4   BANK5   BANK6   BANK7
      Params:         0       0       0       0       0       0       0       0       0
      Locals:         1       0       0       0       0       0       0       0       0
      Temps:          0       0       0       0       0       0       0       0       0
      Totals:         1       0       0       0       0       0       0       0       0
Total ram usage:        1 bytes
 Hardware stack levels used:    1
 This function calls:
		Nothing
 This function is called by:
 This function uses a non-reentrant model


 *************** function i2_Display_ClockWrite *****************
 Defined at:
		line 36 in file "display.c"
 Parameters:    Size  Location     Type
  value           1    wreg     unsigned char 
 Auto vars:     Size  Location     Type
  value           1    0[COMRAM] unsigned char 
 Return value:  Size  Location     Type
                  1    wreg      void 
 Registers used:
		wreg
 Tracked objects:
		On entry : 
		On exit  : 
		Unchanged: 
 Data sizes:     COMRAM   BANK0   BANK1   BANK2   BANK3   BANK4   BANK5   BANK6   BANK7
      Params:         0       0       0       0       0       0       0       0       0
      Locals:         1       0       0       0       0       0       0       0       0
      Temps:          0       0       0       0       0       0       0       0       0
      Totals:         1       0       0       0       0       0       0       0       0
Total ram usage:        1 bytes
 Hardware stack levels used:    1
 This function calls:
		Nothing
 This function is called by:
 This function uses a non-reentrant model


 *************** function i2_Hub_LatchWrite *****************
 Defined at:
		line 46 in file "hub.c"
 Parameters:    Size  Location     Type
  value           1    wreg     unsigned char 
 Auto vars:     Size  Location     Type
  value           1    0[COMRAM] unsigned char 
 Return value:  Size  Location     Type
                  1    wreg      void 
 Registers used:
		wreg
 Tracked objects:
		On entry : 
		On exit  : 
		Unchanged: 
 Data sizes:     COMRAM   BANK0   BANK1   BANK2   BANK3   BANK4   BANK5   BANK6   BANK7
      Params:         0       0       0       0       0       0       0       0       0
      Locals:         1       0       0       0       0       0       0       0       0
      Temps:          0       0       0       0       0       0       0       0       0
      Totals:         1       0       0       0       0       0       0       0       0
Total ram usage:        1 bytes
 Hardware stack levels used:    1
 This function calls:
		Nothing
 This function is called by:
 This function uses a non-reentrant model


 *************** function _Hub_SetValue *****************
 Defined at:
		line 85 in file "hub.c"
 Parameters:    Size  Location     Type
  ASourceValue    2    4[COMRAM] PTR unsigned char 
		 -> _Hub.PrimaryBuffer.Values(8), _Hub.PrimaryBuffer(12), _Hub(154), 
  AMinValue       1    6[COMRAM] char 
  AMaxValue       2    7[COMRAM] int 
  AIncrement      1    9[COMRAM] char 
 Auto vars:     Size  Location     Type
  LValue          2   11[COMRAM] int 
 Return value:  Size  Location     Type
                  1    wreg      void 
 Registers used:
		wreg, fsr2l, fsr2h, status,2, status,0
 Tracked objects:
		On entry : 
		On exit  : 
		Unchanged: 
 Data sizes:     COMRAM   BANK0   BANK1   BANK2   BANK3   BANK4   BANK5   BANK6   BANK7
      Params:         6       0       0       0       0       0       0       0       0
      Locals:         2       0       0       0       0       0       0       0       0
      Temps:          1       0       0       0       0       0       0       0       0
      Totals:         9       0       0       0       0       0       0       0       0
Total ram usage:        9 bytes
 Hardware stack levels used:    1
 This function calls:
		Nothing
 This function is called by:
		_Hub_UpdateValues
 This function uses a non-reentrant model


 *************** function _Hub_DecodeSwitch *****************
 Defined at:
		line 64 in file "hub.c"
 Parameters:    Size  Location     Type
  AIndex1         1    wreg     unsigned char 
  AIndex2         1    0[COMRAM] unsigned char 
 Auto vars:     Size  Location     Type
  AIndex1         1    3[COMRAM] unsigned char 
 Return value:  Size  Location     Type
                  1    wreg      char 
 Registers used:
		wreg, fsr1l, fsr1h, fsr2l, fsr2h, status,2, status,0, prodl, prodh
 Tracked objects:
		On entry : 
		On exit  : 
		Unchanged: 
 Data sizes:     COMRAM   BANK0   BANK1   BANK2   BANK3   BANK4   BANK5   BANK6   BANK7
      Params:         1       0       0       0       0       0       0       0       0
      Locals:         1       0       0       0       0       0       0       0       0
      Temps:          2       0       0       0       0       0       0       0       0
      Totals:         4       0       0       0       0       0       0       0       0
Total ram usage:        4 bytes
 Hardware stack levels used:    1
 This function calls:
		Nothing
 This function is called by:
		_Hub_UpdateValues
 This function uses a non-reentrant model


 *************** function _Display_SwapBuffer *****************
 Defined at:
		line 106 in file "display.c"
 Parameters:    Size  Location     Type
		None
 Auto vars:     Size  Location     Type
  LSwap           2    0[COMRAM] PTR unsigned char 
		 -> _Display.Buffer2(90), _Display.Buffer1(90), _Display(214), 
 Return value:  Size  Location     Type
                  1    wreg      void 
 Registers used:
		wreg, status,2, status,0
 Tracked objects:
		On entry : 
		On exit  : 
		Unchanged: 
 Data sizes:     COMRAM   BANK0   BANK1   BANK2   BANK3   BANK4   BANK5   BANK6   BANK7
      Params:         0       0       0       0       0       0       0       0       0
      Locals:         2       0       0       0       0       0       0       0       0
      Temps:          0       0       0       0       0       0       0       0       0
      Totals:         2       0       0       0       0       0       0       0       0
Total ram usage:        2 bytes
 Hardware stack levels used:    1
 This function calls:
		Nothing
 This function is called by:
		_Interrupt
 This function uses a non-reentrant model



MODULE INFORMATION

Module		Function		Class		Link	Load	Size
C:\Program Files (x86)\Microchip\xc8\v1.45\sources\common\ftneg.c
		___ftneg       		CODE           	51C2	0000	39

C:\Program Files (x86)\Microchip\xc8\v1.45\sources\common\ftneg.c estimated size: 39

sequencer.c
		_Sequencer_StartTimer		CODE           	4B3C	0000	85
		_Sequencer_StopTimer		CODE           	54D0	0000	15
		_Sequencer_Start		CODE           	54AC	0000	19

sequencer.c estimated size: 119

C:\Program Files (x86)\Microchip\xc8\v1.45\sources\common\ftsub.c
		___ftsub       		CODE           	4EC2	0000	67

C:\Program Files (x86)\Microchip\xc8\v1.45\sources\common\ftsub.c estimated size: 67

C:\Program Files (x86)\Microchip\xc8\v1.45\sources\common\float.c
		___ftpack      		CODE           	3B84	0000	177

C:\Program Files (x86)\Microchip\xc8\v1.45\sources\common\float.c estimated size: 177

framework/usb/src/usb_device.c
		_USBCtrlTrfInHandler		CODE           	37E4	0000	199
		_USBTransferOnePacket		CODE           	2A80	0000	263
		_USBStdGetDscHandler		CODE           	24D6	0000	303
		_USBCtrlEPAllowDataStage		CODE           	3CD6	0000	161
		_USBStdFeatureReqHandler		CODE           	0BA2	0000	689
		_USBCtrlEPAllowStatusStage		CODE           	34B6	0000	207
		_USBCtrlTrfSetupHandler		CODE           	3F50	0000	153
		_USBCtrlTrfOutHandler		CODE           	49B8	0000	103
		_USBCtrlEPServiceComplete		CODE           	2976	0000	267
		_USBSuspend    		CODE           	5090	0000	49
		_USBStdSetCfgHandler		CODE           	3054	0000	231
		_USBStdGetStatusHandler		CODE           	3A22	0000	179
		_USBWakeFromSuspend		CODE           	4FF0	0000	57
		_USBCtrlTrfRxService		CODE           	272E	0000	293
		_USBCtrlTrfTxService		CODE           	33DE	0000	217
		_USBEnableEndpoint		CODE           	4DF8	0000	69
		_USBConfigureEndpoint		CODE           	3FE8	0000	153
		_USBDeviceInit 		CODE           	1FDC	0000	329
		_USBIncrement1msInternalTimers		CODE           	5276	0000	33
		_USBCtrlEPService		CODE           	3EB6	0000	155
		_USBStallHandler		CODE           	4E80	0000	67
		_USBDeviceTasks		CODE           	1E70	0000	365
		_USBCheckStdRequest		CODE           	313A	0000	229

framework/usb/src/usb_device.c estimated size: 4771

C:\Program Files (x86)\Microchip\xc8\v1.45\sources\common\lltoft.c
		___lltoft      		CODE           	4ADE	0000	95

C:\Program Files (x86)\Microchip\xc8\v1.45\sources\common\lltoft.c estimated size: 95

C:\Program Files (x86)\Microchip\xc8\v1.45\sources\common\lbdiv.c
		___lbdiv       		CODE           	4F04	0000	63

C:\Program Files (x86)\Microchip\xc8\v1.45\sources\common\lbdiv.c estimated size: 63

C:\Program Files (x86)\Microchip\xc8\v1.45\sources\common\log.c
		_log           		CODE           	2604	0000	299

C:\Program Files (x86)\Microchip\xc8\v1.45\sources\common\log.c estimated size: 299

C:\Program Files (x86)\Microchip\xc8\v1.45\sources\common\Umul16.c
		___wmul        		CODE           	5174	0000	41

C:\Program Files (x86)\Microchip\xc8\v1.45\sources\common\Umul16.c estimated size: 41

C:\Program Files (x86)\Microchip\xc8\v1.45\sources\common\frexp.c
		_ldexp         		CODE           	3584	0000	207
		_frexp         		CODE           	4116	0000	149

C:\Program Files (x86)\Microchip\xc8\v1.45\sources\common\frexp.c estimated size: 356

C:\Program Files (x86)\Microchip\xc8\v1.45\sources\common\ftge.c
		___ftge        		CODE           	41AA	0000	147

C:\Program Files (x86)\Microchip\xc8\v1.45\sources\common\ftge.c estimated size: 147

I2C.c
		_I2C_Write     		CODE           	51E8	0000	37
		_I2C_Stop      		CODE           	52F0	0000	31
		_I2C_Wait      		CODE           	42C8	0000	135
		_I2C_Read      		CODE           	4F7C	0000	59
		_I2C_Init      		CODE           	3C34	0000	163
		_I2C_Ack       		CODE           	50F0	0000	47
		_I2C_Start     		CODE           	52D2	0000	31

I2C.c estimated size: 503

C:\Program Files (x86)\Microchip\xc8\v1.45\sources\common\memcmp.c
		_memcmp        		CODE           	46BA	0000	115

C:\Program Files (x86)\Microchip\xc8\v1.45\sources\common\memcmp.c estimated size: 115

C:\Program Files (x86)\Microchip\xc8\v1.45\sources\common\memcpy.c
		_memcpy        		CODE           	4D68	0000	73

C:\Program Files (x86)\Microchip\xc8\v1.45\sources\common\memcpy.c estimated size: 73

C:\Program Files (x86)\Microchip\xc8\v1.45\sources\common\pow.c
		_pow           		CODE           	1CEE	0000	387

C:\Program Files (x86)\Microchip\xc8\v1.45\sources\common\pow.c estimated size: 387

C:\Program Files (x86)\Microchip\xc8\v1.45\sources\common\floor.c
		_floor         		CODE           	321E	0000	229

C:\Program Files (x86)\Microchip\xc8\v1.45\sources\common\floor.c estimated size: 229

C:\Program Files (x86)\Microchip\xc8\v1.45\sources\common\ftmul.c
		___ftmul       		CODE           	2D84	0000	247

C:\Program Files (x86)\Microchip\xc8\v1.45\sources\common\ftmul.c estimated size: 247

C:\Program Files (x86)\Microchip\xc8\v1.45\sources\common\awmod.c
		___awmod       		CODE           	472C	0000	115

C:\Program Files (x86)\Microchip\xc8\v1.45\sources\common\awmod.c estimated size: 115

C:\Program Files (x86)\Microchip\xc8\v1.45\sources\common\ftdiv.c
		___ftdiv       		CODE           	2F6C	0000	233

C:\Program Files (x86)\Microchip\xc8\v1.45\sources\common\ftdiv.c estimated size: 233

digipot.c
		_InitDigiPot   		CODE           	2124	0000	325
		_DigiPot_DataWrite		CODE           	53F2	0000	25
		_DigiPot_LatchWrite		CODE           	53DA	0000	25
		_DigiPot_ClockWrite		CODE           	540A	0000	25

digipot.c estimated size: 400

zip.c
		_Zip           		CODE           	2852	0000	293
		_UnZip         		CODE           	2B86	0000	263

zip.c estimated size: 556

shared
		_configDescriptor1		SMALLCONST     	0809	0000	68
		_USB_CD_Ptr    		SMALLCONST     	0807	0000	3
		_sd001         		SMALLCONST     	084C	0000	53
		exp@coeff      		SMALLCONST     	0880	0000	31
		_sd002         		SMALLCONST     	08B9	0000	27
		i2_Display_DataWrite		CODE           	5540	0000	15
		i2_Midi_ResetBuffer		CODE           	371C	0000	201
		i2_ReadBit     		CODE           	4C82	0000	79
		i2_Hub_DataRead		CODE           	5578	0000	13
		i2_Display_LatchWrite		CODE           	554E	0000	15
		i2_Sequencer_StopTimer		CODE           	54FA	0000	15
		i2_Display_ClockWrite		CODE           	555C	0000	15
		__initialization		CODE           	45CC	0000	107
		_device_dsc    		SMALLCONST     	08D3	0000	19
		i2_DigiPot_DataWrite		CODE           	5508	0000	15
		i2_Hub_ClockWrite		CODE           	5532	0000	15
		i2_ClockUp     		CODE           	5386	0000	31
		i2_Hub_CopyBuffer		CODE           	520C	0000	37
		i2_ClockDown   		CODE           	53A4	0000	31
		i2_ReadBitArray		CODE           	4DB0	0000	73
		i2_DigiPot_LatchWrite		CODE           	5516	0000	15
		i2_DigiPot_ClockWrite		CODE           	5524	0000	15
		i2_WriteData   		CODE           	48E6	0000	107
		i2_WriteChar   		CODE           	4644	0000	119
		i2_Midi_Write  		CODE           	134A	0000	597
		i2_Hub_LatchWrite		CODE           	556A	0000	15
		_USB_SD_Ptr    		SMALLCONST     	0801	0000	7
		log@coeff      		SMALLCONST     	089E	0000	28
		i2_LatchOn     		CODE           	534A	0000	31
		i2_LatchOff    		CODE           	5368	0000	31
		_sd000         		SMALLCONST     	08E5	0000	5
		i2_Hub_ReadSwitch		CODE           	4D1C	0000	77
		i2_memcpy      		CODE           	4E3C	0000	69

shared estimated size: 1979

persistant.c
		_Persistant_Address		CODE           	4F42	0000	59
		_Persistant_LoadBuffer		CODE           	38AA	0000	193
		_Persistant_SaveBuffer		CODE           	3D76	0000	161
		_Persistant_WriteInternalMemory		CODE           	4BE2	0000	81
		_Persistant_ReadInternalMemory		CODE           	54EC	0000	15
		_Persistant_ReadExternalMemory		CODE           	4A1E	0000	99
		_Persistant_Init		CODE           	53C2	0000	25
		_Persistant_WriteExternalMemory		CODE           	480C	0000	111
		_Persistant_ControlByte		CODE           	5028	0000	55

persistant.c estimated size: 799

framework/usb/src/usb_device_cdc.c
		_CDCInitEP     		CODE           	487A	0000	109
		_getsUSBUSART  		CODE           	4080	0000	151
		_USBCheckCDCRequest		CODE           	3AD4	0000	177

framework/usb/src/usb_device_cdc.c estimated size: 437

C:\Program Files (x86)\Microchip\xc8\v1.45\sources\common\fttol.c
		___fttol       		CODE           	2C8C	0000	249

C:\Program Files (x86)\Microchip\xc8\v1.45\sources\common\fttol.c estimated size: 249

C:\Program Files (x86)\Microchip\xc8\v1.45\sources\common\awtoft.c
		___awtoft      		CODE           	4FB6	0000	59

C:\Program Files (x86)\Microchip\xc8\v1.45\sources\common\awtoft.c estimated size: 59

display.c
		_Display_DataWrite		CODE           	5452	0000	25
		_Display_LatchWrite		CODE           	543A	0000	25
		_Display_ClockWrite		CODE           	546A	0000	25
		_Display_SwapBuffer		CODE           	5230	0000	37
		_Display_ProcessData		CODE           	0E52	0000	673
		_Display_Init  		CODE           	2268	0000	319

display.c estimated size: 1104

harware.c
		_ClockUp       		CODE           	530E	0000	31
		_ReadBit       		CODE           	4B90	0000	83
		_LatchOn       		CODE           	5296	0000	31
		_ReadBitArray  		CODE           	4CD0	0000	77
		_InitConnector 		CODE           	505E	0000	51
		_InitPin       		CODE           	558E	0000	3
		_WriteData     		CODE           	479E	0000	111
		_ClockDown     		CODE           	532C	0000	31
		_LatchOff      		CODE           	52B4	0000	31
		_WriteChar     		CODE           	4458	0000	129

harware.c estimated size: 578

C:\Program Files (x86)\Microchip\xc8\v1.45\sources\common\awdiv.c
		___awdiv       		CODE           	434E	0000	135

C:\Program Files (x86)\Microchip\xc8\v1.45\sources\common\awdiv.c estimated size: 135

usb_events.c
		_USER_USB_CALLBACK_EVENT_HANDLER		CODE           	4A80	0000	95

usb_events.c estimated size: 95

C:\Program Files (x86)\Microchip\xc8\v1.45\sources\common\evalpoly.c
		_eval_poly     		CODE           	3302	0000	221

C:\Program Files (x86)\Microchip\xc8\v1.45\sources\common\evalpoly.c estimated size: 221

C:\Program Files (x86)\Microchip\xc8\v1.45\sources\common\lbmod.c
		___lbmod       		CODE           	511E	0000	47

C:\Program Files (x86)\Microchip\xc8\v1.45\sources\common\lbmod.c estimated size: 47

C:\Program Files (x86)\Microchip\xc8\v1.45\sources\common\ftadd.c
		___ftadd       		CODE           	19BC	0000	431

C:\Program Files (x86)\Microchip\xc8\v1.45\sources\common\ftadd.c estimated size: 431

user.c
		_InitApp       		CODE           	44D8	0000	123

user.c estimated size: 123

hub.c
		_Hub_ClockWrite		CODE           	5422	0000	25
		_Hub_LatchWrite		CODE           	5482	0000	25
		_Hub_Init      		CODE           	3E16	0000	161
		_Hub_DecodeSwitch		CODE           	159E	0000	551
		_Hub_ReadSwitch		CODE           	4C32	0000	81
		_Hub_SetValue  		CODE           	4950	0000	105
		_Hub_DataRead  		CODE           	54BE	0000	19
		_Hub_CopyBuffer		CODE           	519C	0000	39
		_Hub_UpdateValues		CODE           	2E7A	0000	243

hub.c estimated size: 1249

midi.c
		_Midi_Write    		CODE           	10F2	0000	601
		_Midi_Read     		CODE           	423C	0000	141
		_Midi_Init     		CODE           	23A6	0000	305
		_Midi_ResetBuffer		CODE           	3652	0000	203

midi.c estimated size: 1250

C:\Program Files (x86)\Microchip\xc8\v1.45\sources\common\lldiv.c
		___lldiv       		CODE           	43D4	0000	133

C:\Program Files (x86)\Microchip\xc8\v1.45\sources\common\lldiv.c estimated size: 133

main.c
		_Load          		CODE           	396A	0000	185
		_Interrupt     		CODE           	0008	0000	395
		_RunHub        		CODE           	549A	0000	19
		_main          		CODE           	08EA	0000	697
		_Sequencer_TimerEvent		CODE           	5254	0000	35
		_PauseHub      		CODE           	54DE	0000	15

main.c estimated size: 1346

system.c
		_ConfigureOscillator		CODE           	5590	0000	3

system.c estimated size: 3

C:\Program Files (x86)\Microchip\xc8\v1.45\sources\common\exp.c
		_exp           		CODE           	17C4	0000	505

C:\Program Files (x86)\Microchip\xc8\v1.45\sources\common\exp.c estimated size: 505

C:\Program Files (x86)\Microchip\xc8\v1.45\sources\common\lbtoft.c
		___lbtoft      		CODE           	514C	0000	41

C:\Program Files (x86)\Microchip\xc8\v1.45\sources\common\lbtoft.c estimated size: 41

C:\Program Files (x86)\Microchip\xc8\v1.45\sources\common\altoft.c
		___altoft      		CODE           	4552	0000	123

C:\Program Files (x86)\Microchip\xc8\v1.45\sources\common\altoft.c estimated size: 123

C:\Program Files (x86)\Microchip\xc8\v1.45\sources\common\memset.c
		_memset        		CODE           	50C0	0000	49

C:\Program Files (x86)\Microchip\xc8\v1.45\sources\common\memset.c estimated size: 49

