Microchip MPLAB XC8 Compiler V1.44 ()

Linker command line:

-W-3 --edf=C:\Program Files (x86)\Microchip\xc8\v1.44\dat\en_msgs.txt -cs \
  -h+dist/XC8_18F2550/debug\Test.X.debug.sym \
  --cmf=dist/XC8_18F2550/debug\Test.X.debug.cmf -z -Q18F2550 \
  -oC:\Temp\sbig.2 -Mdist/XC8_18F2550/debug/Test.X.debug.map -E1 -ver=XC8 \
  -ASTACK=0561h-07ffh -pstack=STACK -ACODE=00h-07FFFh -ACONST=00h-07FFFh \
  -ASMALLCONST=0800h-08FFhx120 -AMEDIUMCONST=0800h-07FFFh -ACOMRAM=01h-05Fh \
  -AABS1=00h-07FFh -ABIGRAM=01h-07FFh -ARAM=060h-0FFh,0100h-01FFhx7 \
  -ABANK0=060h-0FFh -ABANK1=0100h-01FFh -ABANK2=0200h-02FFh \
  -ABANK3=0300h-03FFh -ABANK4=0400h-04FFh -ABANK5=0500h-05FFh \
  -ABANK6=0600h-06FFh -ABANK7=0700h-07FFh -ASFR=0F60h-0FFFh \
  -preset_vec=00h,intcode=08h,intcodelo,powerup,init -pramtop=0800h \
  -psmallconst=SMALLCONST -pmediumconst=MEDIUMCONST -pconst=CONST \
  -AFARRAM=00h-00h -ACONFIG=0300000h-030000Dh -pconfig=CONFIG \
  -AIDLOC=0200000h-0200007h -pidloc=IDLOC -AEEDATA=0F00000h-0F000FFh \
  -peeprom_data=EEDATA \
  -prdata=COMRAM,nvrram=COMRAM,nvbit=COMRAM,rbss=COMRAM,rbit=COMRAM \
  -pfarbss=FARRAM,fardata=FARRAM,nvFARRAM=FARRAM \
  -pintsave_regs=BIGRAM,bigbss=BIGRAM,bigdata=BIGRAM -pbss=RAM \
  -pidata=CODE,irdata=CODE,ibigdata=CODE,ifardata=CODE -prparam=COMRAM \
  C:\Temp\sbig.obj dist/XC8_18F2550/debug\Test.X.debug.obj 

Object code version is 3.11

Machine type is 18F2550

Call graph: (short form)




                Name                               Link     Load   Length Selector   Space Scale
C:\Temp\sbig.obj
                init                                  E        E        4        4       0
                reset_vec                             0        0        4        0       0
                idloc                            200000   200000        8   200000       0
                config                           300000   300000        E   300000       0
dist/XC8_18F2550/debug\Test.X.debug.obj
                intcode                               8        8        6        4       0
                temp                                 5F       5F        1        1       1
                smallconst                          800      800       3C      400       0
                text89                             309E     309E       20      41E       0
                text88                             1002     1002      1A4      41E       0
                text87                             2988     2988       60      41E       0
                text86                             31FE     31FE        E      41E       0
                text85                             31F0     31F0        E      41E       0
                text84                             2B48     2B48       52      41E       0
                text83                             2E20     2E20       40      41E       0
                text82                             2D9E     2D9E       42      41E       0
                text81                             2E9E     2E9E       3E      41E       0
                text80                             31E2     31E2        E      41E       0
                text79                             31D4     31D4        E      41E       0
                text78                             1D0C     1D0C       CA      41E       0
                text77                              A58      A58      214      41E       0
                text76                             3110     3110       18      41E       0
                text75                             30BE     30BE       1E      41E       0
                text74                             1F4A     1F4A       B0      41E       0
                text73                             3228     3228        8      41E       0
                text72                             251C     251C       80      41E       0
                text71                             28BA     28BA       68      41E       0
                intcode_body                       17AA     17AA      11A      41E       0
                text69                             3230     3230        2      41E       0
                text68                             2B9A     2B9A       50      41E       0
                text67                             2FDC     2FDC       2C      41E       0
                text66                             2386     2386       8A      41E       0
                text65                             2C86     2C86       4C      41E       0
                text64                             2F48     2F48       36      41E       0
                text63                             1E90     1E90       BA      41E       0
                text62                             30F6     30F6       1A      41E       0
                text61                             11A6     11A6      15C      41E       0
                text60                             2F12     2F12       36      41E       0
                text59                             1A98     1A98       D6      41E       0
                text58                             20A4     20A4       9C      41E       0
                text57                             2922     2922       66      41E       0
                text56                             2A46     2A46       58      41E       0
                text55                             1DD6     1DD6       BA      41E       0
                text54                             2776     2776       70      41E       0
                text53                             1C40     1C40       CC      41E       0
                text52                             21D6     21D6       94      41E       0
                text51                              E58      E58      1AA      41E       0
                text50                             18C4     18C4       EC      41E       0
                text49                             1302     1302      140      41E       0
                text48                             1570     1570      120      41E       0
                text47                             2EDC     2EDC       36      41E       0
                text46                             3030     3030       28      41E       0
                text45                              83C      83C      21C      41E       0
                text44                             2D5C     2D5C       42      41E       0
                text43                             307E     307E       20      41E       0
                text42                             31C6     31C6        E      41E       0
                text41                             3170     3170       10      41E       0
                text40                             2AF4     2AF4       54      41E       0
                text39                             2DE0     2DE0       40      41E       0
                text38                             2D1A     2D1A       42      41E       0
                text37                             2496     2496       86      41E       0
                text36                             3058     3058       26      41E       0
                text35                             1442     1442      12E      41E       0
                text34                             1FFA     1FFA       AA      41E       0
                text33                             268E     268E       76      41E       0
                text32                             1690     1690      11A      41E       0
                text31                             226A     226A       92      41E       0
                text30                             3128     3128       14      41E       0
                text29                             29E8     29E8       5E      41E       0
                text28                             30DC     30DC       1A      41E       0
                text27                             3008     3008       28      41E       0
                text26                             31B8     31B8        E      41E       0
                text25                             31AA     31AA        E      41E       0
                text24                             314E     314E       12      41E       0
                text23                             2FAE     2FAE       2E      41E       0
                text22                             2F7E     2F7E       30      41E       0
                text21                             2C38     2C38       4E      41E       0
                text20                             1B6E     1B6E       D2      41E       0
                text19                             2140     2140       96      41E       0
                text18                             2CD2     2CD2       48      41E       0
                text17                             313C     313C       12      41E       0
                text16                             27E6     27E6       6C      41E       0
                text15                             319C     319C        E      41E       0
                text14                             2E60     2E60       3E      41E       0
                text13                             22FC     22FC       8A      41E       0
                text12                             259C     259C       7C      41E       0
                text11                             3216     3216        A      41E       0
                text10                             19B0     19B0       E8      41E       0
                text9                              2618     2618       76      41E       0
                text8                              3160     3160       10      41E       0
                text7                              2BEA     2BEA       4E      41E       0
                text6                              3220     3220        8      41E       0
                text5                              318E     318E        E      41E       0
                text4                              3180     3180        E      41E       0
                text3                              2410     2410       86      41E       0
                text2                              2852     2852       68      41E       0
                text1                              2A9E     2A9E       56      41E       0
                text0                               C6C      C6C      1EC      41E       0
                cstackCOMRAM                          1        1       58        1       1
                cstackBANK0                          60       60       7F       60       1
                bssBIGRAM                           2D9      2D9      288      2D9       1
                bssBANK2                            200      200       D9      200       1
                bssBANK1                            100      100       A9      100       1
                dataBANK0                            F2       F2        A       60       1
                bssBANK0                             DF       DF       13       60       1
                bssCOMRAM                            59       59        6        1       1
                cinit                              2704     2704       72      41E       0
                idataBANK0                         320C     320C        A      41E       0

TOTAL           Name                               Link     Load   Length     Space
        CLASS   STACK          

        CLASS   CODE           
                intcode                               8        8        6         0
                init                                  E        E        4         0
                reset_vec                             0        0        4         0
                text89                             309E     309E       20         0
                text88                             1002     1002      1A4         0
                text87                             2988     2988       60         0
                text86                             31FE     31FE        E         0
                text85                             31F0     31F0        E         0
                text84                             2B48     2B48       52         0
                text83                             2E20     2E20       40         0
                text82                             2D9E     2D9E       42         0
                text81                             2E9E     2E9E       3E         0
                text80                             31E2     31E2        E         0
                text79                             31D4     31D4        E         0
                text78                             1D0C     1D0C       CA         0
                text77                              A58      A58      214         0
                text76                             3110     3110       18         0
                text75                             30BE     30BE       1E         0
                text74                             1F4A     1F4A       B0         0
                text73                             3228     3228        8         0
                text72                             251C     251C       80         0
                text71                             28BA     28BA       68         0
                intcode_body                       17AA     17AA      11A         0
                text69                             3230     3230        2         0
                text68                             2B9A     2B9A       50         0
                text67                             2FDC     2FDC       2C         0
                text66                             2386     2386       8A         0
                text65                             2C86     2C86       4C         0
                text64                             2F48     2F48       36         0
                text63                             1E90     1E90       BA         0
                text62                             30F6     30F6       1A         0
                text61                             11A6     11A6      15C         0
                text60                             2F12     2F12       36         0
                text59                             1A98     1A98       D6         0
                text58                             20A4     20A4       9C         0
                text57                             2922     2922       66         0
                text56                             2A46     2A46       58         0
                text55                             1DD6     1DD6       BA         0
                text54                             2776     2776       70         0
                text53                             1C40     1C40       CC         0
                text52                             21D6     21D6       94         0
                text51                              E58      E58      1AA         0
                text50                             18C4     18C4       EC         0
                text49                             1302     1302      140         0
                text48                             1570     1570      120         0
                text47                             2EDC     2EDC       36         0
                text46                             3030     3030       28         0
                text45                              83C      83C      21C         0
                text44                             2D5C     2D5C       42         0
                text43                             307E     307E       20         0
                text42                             31C6     31C6        E         0
                text41                             3170     3170       10         0
                text40                             2AF4     2AF4       54         0
                text39                             2DE0     2DE0       40         0
                text38                             2D1A     2D1A       42         0
                text37                             2496     2496       86         0
                text36                             3058     3058       26         0
                text35                             1442     1442      12E         0
                text34                             1FFA     1FFA       AA         0
                text33                             268E     268E       76         0
                text32                             1690     1690      11A         0
                text31                             226A     226A       92         0
                text30                             3128     3128       14         0
                text29                             29E8     29E8       5E         0
                text28                             30DC     30DC       1A         0
                text27                             3008     3008       28         0
                text26                             31B8     31B8        E         0
                text25                             31AA     31AA        E         0
                text24                             314E     314E       12         0
                text23                             2FAE     2FAE       2E         0
                text22                             2F7E     2F7E       30         0
                text21                             2C38     2C38       4E         0
                text20                             1B6E     1B6E       D2         0
                text19                             2140     2140       96         0
                text18                             2CD2     2CD2       48         0
                text17                             313C     313C       12         0
                text16                             27E6     27E6       6C         0
                text15                             319C     319C        E         0
                text14                             2E60     2E60       3E         0
                text13                             22FC     22FC       8A         0
                text12                             259C     259C       7C         0
                text11                             3216     3216        A         0
                text10                             19B0     19B0       E8         0
                text9                              2618     2618       76         0
                text8                              3160     3160       10         0
                text7                              2BEA     2BEA       4E         0
                text6                              3220     3220        8         0
                text5                              318E     318E        E         0
                text4                              3180     3180        E         0
                text3                              2410     2410       86         0
                text2                              2852     2852       68         0
                text1                              2A9E     2A9E       56         0
                text0                               C6C      C6C      1EC         0
                cinit                              2704     2704       72         0
                idataBANK0                         320C     320C        A         0

        CLASS   CONST          

        CLASS   SMALLCONST     
                smallconst                          800      800       3C         0

        CLASS   MEDIUMCONST    

        CLASS   COMRAM         
                temp                                 5F       5F        1         1
                cstackCOMRAM                          1        1       58         1
                bssCOMRAM                            59       59        6         1

        CLASS   ABS1           

        CLASS   BIGRAM         
                bssBIGRAM                           2D9      2D9      288         1

        CLASS   RAM            

        CLASS   BANK0          
                cstackBANK0                          60       60       7F         1
                dataBANK0                            F2       F2        A         1
                bssBANK0                             DF       DF       13         1

        CLASS   BANK1          
                bssBANK1                            100      100       A9         1

        CLASS   BANK2          
                bssBANK2                            200      200       D9         1

        CLASS   BANK3          

        CLASS   BANK4          

        CLASS   BANK5          

        CLASS   BANK6          

        CLASS   BANK7          

        CLASS   SFR            

        CLASS   FARRAM         

        CLASS   CONFIG         
                config                           300000   300000        E         0

        CLASS   IDLOC          
                idloc                            200000   200000        8         0

        CLASS   EEDATA         



SEGMENTS        Name                           Load    Length   Top    Selector   Space  Class

                reset_vec                      000000  000004  000004         0       0  CODE    
                cstackCOMRAM                   000001  00005F  000060         1       1  COMRAM  
                intcode                        000008  00000A  000012         4       0  CODE    
                cstackBANK0                    000060  00009C  0000FC        60       1  BANK0   
                bssBANK1                       000100  0000A9  0001A9       100       1  BANK1   
                bssBANK2                       000200  0000D9  0002D9       200       1  BANK2   
                bssBIGRAM                      0002D9  000288  000561       2D9       1  BIGRAM  
                smallconst                     000800  00003C  00083C       400       0  SMALLCON
                text45                         00083C  0029F6  003232       41E       0  CODE    
                idloc                          200000  000008  200008    200000       0  IDLOC   
                config                         300000  00000E  30000E    300000       0  CONFIG  


UNUSED ADDRESS RANGES

        Name                Unused          Largest block    Delta
        BANK0            0000FC-0000FF                4
        BANK1            0001A9-0001FF               57
        BANK5            000561-0005FF               9F
        BANK6            000600-0006FF              100
        BANK7            000700-0007FF              100
        BIGRAM           0000FC-0000FF                4
                         0001A9-0001FF               57
                         000561-0007FF              29F
        CODE             000004-000007                4
                         000012-0007FF              7EE
                         003232-007FFF             4DCE
        CONST            000004-000007                4
                         000012-0007FF              7EE
                         003232-007FFF             4DCE
        EEDATA           F00000-F000FF              100
        MEDIUMCONST      003232-007FFF             4DCE
        RAM              0000FC-0000FF                4
                         0001A9-0001FF               57
                         000561-0007FF              100
        SFR              000F60-000FFF               A0
        SMALLCONST       003232-007FFF              100
        STACK            000561-0007FF              29F

                                  Symbol Table

?___altoft                               cstackBANK0  000068
?___awtoft                               cstackBANK0  000068
?___ftadd                                cstackBANK0  00008F
?___ftdiv                                cstackBANK0  000080
?___ftmul                                cstackBANK0  000072
?___ftneg                                cstackBANK0  000060
?___ftpack                               cstackBANK0  000060
?___ftsub                                cstackBANK0  00009B
?___fttol                                cstackBANK0  00008F
?___lbtoft                               cstackBANK0  000068
?___lldiv                                cstackBANK0  000060
?___lltoft                               cstackBANK0  000068
?_eval_poly                              cstackBANK0  00009B
?_exp                                    cstackBANK0  0000AC
?_floor                                  cstackBANK0  00009E
?_frexp                                  cstackBANK0  000060
?_ldexp                                  cstackBANK0  0000A5
?_log                                    cstackBANK0  0000A5
?_memcmp                                 cstackBANK0  000060
?_pow                                    cstackBANK0  0000B5
ClockDown@AIO                            cstackBANK0  000060
ClockUp@AIO                              cstackBANK0  000060
Display_Init@i                           cstackBANK0  0000CC
Display_Init@i_638                       cstackBANK0  0000CE
Display_ProcessData@ADigitalValue        cstackBANK0  000073
Display_ProcessData@ALoaded              cstackBANK0  00006A
Display_ProcessData@APushed              cstackBANK0  00006B
Display_ProcessData@AValues              cstackBANK0  000068
Display_ProcessData@LBit                 cstackBANK0  000075
Display_ProcessData@LData                cstackBANK0  000074
Display_ProcessData@i                    cstackBANK0  00007B
Display_ProcessData@iDataIndex           cstackBANK0  000076
Display_ProcessData@i_646                cstackBANK0  00007D
Display_ProcessData@i_648                cstackBANK0  000079
Display_ProcessData@i_652                cstackBANK0  000081
Display_ProcessData@j                    cstackBANK0  00007F
Display_ProcessData@k                    cstackBANK0  000077
Display_SwapBuffer@LSwap                 cstackCOMRAM 000001
Hub_DecodeSwitch@AIndex1                 cstackCOMRAM 000004
Hub_DecodeSwitch@AIndex2                 cstackCOMRAM 000001
Hub_Init@i                               cstackBANK0  0000AC
Hub_ReadSwitch@LBitArray                 cstackBANK0  000094
Hub_SetValue@AIncrement                  cstackCOMRAM 00000A
Hub_SetValue@AMaxValue                   cstackCOMRAM 000008
Hub_SetValue@AMinValue                   cstackCOMRAM 000007
Hub_SetValue@ASourceValue                cstackCOMRAM 000005
Hub_SetValue@LValue                      cstackCOMRAM 00000C
Hub_UpdateValues@i                       cstackCOMRAM 00004D
I2C_Ack@AAck                             cstackBANK0  000065
I2C_Init@AFrequency                      cstackBANK0  00009E
I2C_Init@LRatio                          cstackBANK0  0000A2
I2C_Read@LData                           cstackBANK0  000066
I2C_Wait@LResult                         cstackBANK0  000064
I2C_Wait@LTimeOut                        cstackBANK0  000062
I2C_Write@b                              cstackBANK0  000065
InitApp@test                             cstackBANK0  0000D1
InitConnector@AConnector                 cstackBANK0  000064
InitDigiPot@LPeriod                      cstackBANK0  0000CA
InitDigiPot@LPrescaler                   cstackBANK0  0000D0
InitDigiPot@LTickCount                   cstackBANK0  0000C6
InitPin@APin                             cstackBANK0  000060
Interrupt@LData                          cstackCOMRAM 000058
LatchOff@AIO                             cstackBANK0  000060
LatchOn@AIO                              cstackBANK0  000060
Load@AChannel                            cstackBANK0  0000C6
Load@LBuffer                             cstackBANK0  0000BA
Load@i                                   cstackBANK0  0000C7
Load@i_420                               cstackBANK0  0000C9
Midi_Init@LBaudRate                      cstackBANK0  000071
Midi_Init@LPeriod                        cstackBANK0  000075
Midi_Read@AData                          cstackBANK0  000060
Midi_Read@AMidiBuffer                    cstackBANK0  000061
Midi_ResetBuffer@AMidiBuffer             cstackBANK0  000060
Midi_ResetBuffer@i                       cstackBANK0  000065
Midi_ResetBuffer@j                       cstackBANK0  000064
Midi_Write@AData                         cstackCOMRAM 000007
Midi_Write@AMidiBuffer                   cstackCOMRAM 000001
Persistant_Address@AAddress              cstackBANK0  00006C
Persistant_Address@ARead                 cstackBANK0  00006E
Persistant_ControlByte@AAddress          cstackBANK0  000066
Persistant_ControlByte@ARead             cstackBANK0  000068
Persistant_LoadBuffer@ABuffer            cstackBANK0  0000A8
Persistant_LoadBuffer@LChannel           cstackBANK0  0000B8
Persistant_LoadBuffer@LZip               cstackBANK0  0000AE
Persistant_LoadBuffer@i                  cstackBANK0  0000B9
Persistant_ReadExternalMemory@AAddress   cstackBANK0  00006F
Persistant_ReadExternalMemory@LResult    cstackBANK0  000071
Persistant_ReadInternalMemory@AAddress   cstackBANK0  000060
Persistant_SaveBuffer@ABuffer            cstackBANK0  0000AC
Persistant_SaveBuffer@LResult            cstackBANK0  0000BB
Persistant_SaveBuffer@LZip               cstackBANK0  0000BC
Persistant_SaveBuffer@i                  cstackBANK0  0000C6
Persistant_WriteExternalMemory@AAddress  cstackBANK0  000072
Persistant_WriteExternalMemory@AData     cstackBANK0  000074
Persistant_WriteInternalMemory@AAddress  cstackBANK0  000062
Persistant_WriteInternalMemory@AData     cstackBANK0  000064
Persistant_WriteInternalMemory@LState    cstackBANK0  000065
ReadBit@AIO                              cstackBANK0  00006F
ReadBit@LBit                             cstackBANK0  000080
ReadBitArray@AData                       cstackBANK0  000081
ReadBitArray@AIO                         cstackBANK0  000082
ReadBitArray@i                           cstackBANK0  000092
Sequencer_StartTimer@ALoop               cstackBANK0  0000A1
Sequencer_StartTimer@ATime               cstackBANK0  00009E
UnZip@AZip                               cstackBANK0  00009E
UnZip@LIndex                             cstackBANK0  0000A3
UnZip@LValue                             cstackBANK0  0000A2
UnZip@i                                  cstackBANK0  0000A4
UnZip@j                                  cstackBANK0  0000A6
WriteChar@AChar                          cstackBANK0  000081
WriteChar@AIO                            cstackBANK0  00006F
WriteChar@i                              cstackBANK0  000082
WriteData@AData                          cstackBANK0  000084
WriteData@AIO                            cstackBANK0  000087
WriteData@ASize                          cstackBANK0  000086
WriteData@i                              cstackBANK0  000096
Zip@AZip                                 cstackBANK0  00009E
Zip@LBytes                               cstackBANK0  0000A4
Zip@LIndex                               cstackBANK0  0000A5
Zip@i                                    cstackBANK0  0000A6
Zip@i_1425                               cstackBANK0  0000A8
Zip@j                                    cstackBANK0  0000AA
_ACKDT                                   (abs)        007E2D
_ACKEN                                   (abs)        007E2C
_ADCON1                                  (abs)        000FC1
_BRGH                                    (abs)        007D62
_CREN                                    (abs)        007D5C
_ClockDown                               text42       0031C6
_ClockUp                                 text41       003170
_ConfigureOscillator                     text69       003230
_Display_Init                            text48       001570
_Display_Init$2163                       cstackBANK0  0000C6
_Display_Init$2164                       cstackBANK0  0000C9
_Display_ProcessData                     text45       00083C
_Display_SwapBuffer                      text89       00309E
_EEADR                                   (abs)        000FA9
_EECON1bits                              (abs)        000FA6
_EECON2                                  (abs)        000FA7
_EEDATA                                  (abs)        000FA8
_GIE                                     (abs)        007F97
_Hub_CopyBuffer                          text43       00307E
_Hub_DecodeSwitch                        text88       001002
_Hub_Init                                text37       002496
_Hub_ReadSwitch                          text38       002D1A
_Hub_SetValue                            text87       002988
_Hub_UpdateValues                        text78       001D0C
_I2C_Ack                                 text28       0030DC
_I2C_Init                                text31       00226A
_I2C_Read                                text27       003008
_I2C_Start                               text25       0031AA
_I2C_Stop                                text26       0031B8
_I2C_Wait                                text29       0029E8
_I2C_Write                               text24       00314E
_INTCONbits                              (abs)        000FF2
_InitApp                                 text16       0027E6
_InitConnector                           text67       002FDC
_InitDigiPot                             text35       001442
_InitDigiPot$2165                        cstackBANK0  0000CD
_InitPin                                 text68       002B9A
_Interrupt                               intcode      000008
_LATA                                    (abs)        000F89
_LATB                                    (abs)        000F8A
_LATB4                                   (abs)        007C54
_LATC                                    (abs)        000F8B
_LatchOff                                text5        00318E
_LatchOn                                 text4        003180
_Load                                    text13       0022FC
_Midi_Init                               text32       001690
_Midi_Read                               text12       00259C
_Midi_ResetBuffer                        text34       001FFA
_Midi_Write                              text77       000A58
_PEIE                                    (abs)        007F96
_PEN                                     (abs)        007E2A
_PIE1bits                                (abs)        000F9D
_PIR1bits                                (abs)        000F9E
_PORTB                                   (abs)        000F81
_PSA                                     (abs)        007EAB
_PauseHub                                text11       003216
_Persistant_Address                      text22       002F7E
_Persistant_ControlByte                  text23       002FAE
_Persistant_Init                         text30       003128
_Persistant_LoadBuffer                   text19       002140
_Persistant_ReadExternalMemory           text21       002C38
_Persistant_ReadInternalMemory           text15       00319C
_Persistant_SaveBuffer                   text9        002618
_Persistant_WriteExternalMemory          text18       002CD2
_Persistant_WriteInternalMemory          text14       002E60
_RCEN                                    (abs)        007E2B
_RCIE                                    (abs)        007CED
_RCIF                                    (abs)        007CF5
_RCIP                                    (abs)        007CFD
_RCREG                                   (abs)        000FAE
_RCSTAbits                               (abs)        000FAB
_RW                                      (abs)        007E3A
_RX9                                     (abs)        007D5E
_ReadBit                                 text40       002AF4
_ReadBitArray                            text39       002DE0
_RunHub                                  text8        003160
_SEN                                     (abs)        007E28
_SPBRG                                   (abs)        000FAF
_SPEN                                    (abs)        007D5F
_SSPADD                                  (abs)        000FC8
_SSPBUF                                  (abs)        000FC9
_SSPCON1                                 (abs)        000FC6
_SSPCON2                                 (abs)        000FC5
_SSPSTAT                                 (abs)        000FC7
_SYNC                                    (abs)        007D64
_Sequencer_Start                         text17       00313C
_Sequencer_StartTimer                    text7        002BEA
_Sequencer_StopTimer                     text6        003220
_Sequencer_TimerEvent                    text76       003110
_T08BIT                                  (abs)        007EAE
_T0CS                                    (abs)        007EAD
_T0PS0                                   (abs)        007EA8
_T0PS1                                   (abs)        007EA9
_T0PS2                                   (abs)        007EAA
_T1CKPS0                                 (abs)        007E6C
_T1OSCEN                                 (abs)        007E6B
_T1SYNC                                  (abs)        007E6A
_TMR0IE                                  (abs)        007F95
_TMR0IF                                  (abs)        007F92
_TMR0ON                                  (abs)        007EAF
_TMR1CS                                  (abs)        007E69
_TMR1H                                   (abs)        000FCF
_TMR1IE                                  (abs)        007CE8
_TMR1IF                                  (abs)        007CF0
_TMR1L                                   (abs)        000FCE
_TMR1ON                                  (abs)        007E68
_TRISA2                                  (abs)        007C92
_TRISA3                                  (abs)        007C93
_TRISA4                                  (abs)        007C94
_TRISA5                                  (abs)        007C95
_TRISB0                                  (abs)        007C98
_TRISB1                                  (abs)        007C99
_TRISB2                                  (abs)        007C9A
_TRISB3                                  (abs)        007C9B
_TRISB4                                  (abs)        007C9C
_TRISC2                                  (abs)        007CA2
_TRISC6                                  (abs)        007CA6
_TRISC7                                  (abs)        007CA7
_TX9                                     (abs)        007D66
_TXEN                                    (abs)        007D65
_UnZip                                   text20       001B6E
_WriteChar                               text3        002410
_WriteData                               text2        002852
_Zip                                     text10       0019B0
__CFG_BOR$ON                             (abs)        000000
__CFG_BORV$3                             (abs)        000000
__CFG_CCP2MX$ON                          (abs)        000000
__CFG_CP0$OFF                            (abs)        000000
__CFG_CP1$OFF                            (abs)        000000
__CFG_CP2$OFF                            (abs)        000000
__CFG_CP3$OFF                            (abs)        000000
__CFG_CPB$OFF                            (abs)        000000
__CFG_CPD$OFF                            (abs)        000000
__CFG_CPUDIV$OSC1_PLL2                   (abs)        000000
__CFG_EBTR0$OFF                          (abs)        000000
__CFG_EBTR1$OFF                          (abs)        000000
__CFG_EBTR2$OFF                          (abs)        000000
__CFG_EBTR3$OFF                          (abs)        000000
__CFG_EBTRB$OFF                          (abs)        000000
__CFG_FCMEN$OFF                          (abs)        000000
__CFG_FOSC$HSPLL_HS                      (abs)        000000
__CFG_IESO$OFF                           (abs)        000000
__CFG_LPT1OSC$OFF                        (abs)        000000
__CFG_LVP$OFF                            (abs)        000000
__CFG_MCLRE$ON                           (abs)        000000
__CFG_PBADEN$ON                          (abs)        000000
__CFG_PLLDIV$5                           (abs)        000000
__CFG_PWRT$OFF                           (abs)        000000
__CFG_STVREN$ON                          (abs)        000000
__CFG_USBDIV$2                           (abs)        000000
__CFG_VREGEN$OFF                         (abs)        000000
__CFG_WDT$OFF                            (abs)        000000
__CFG_WDTPS$32768                        (abs)        000000
__CFG_WRT0$OFF                           (abs)        000000
__CFG_WRT1$OFF                           (abs)        000000
__CFG_WRT2$OFF                           (abs)        000000
__CFG_WRT3$OFF                           (abs)        000000
__CFG_WRTB$OFF                           (abs)        000000
__CFG_WRTC$OFF                           (abs)        000000
__CFG_WRTD$OFF                           (abs)        000000
__CFG_XINST$OFF                          (abs)        000000
__Config                                 bssBANK1     00019D
__DigiPot                                bssBANK0     0000E1
__Digits                                 dataBANK0    0000F2
__Display                                bssBANK2     000200
__HRAM                                   (abs)        000000
__Habs1                                  abs1         000000
__Hbank0                                 bank0        000000
__Hbank1                                 bank1        000000
__Hbank2                                 bank2        000000
__Hbank3                                 bank3        000000
__Hbank4                                 bank4        000000
__Hbank5                                 bank5        000000
__Hbank6                                 bank6        000000
__Hbank7                                 bank7        000000
__Hbigbss                                bigbss       000000
__Hbigdata                               bigdata      000000
__Hbigram                                bigram       000000
__Hbss                                   bss          000000
__HbssBANK0                              bssBANK0     000000
__HbssBANK1                              bssBANK1     000000
__HbssBANK2                              bssBANK2     000000
__HbssBIGRAM                             bssBIGRAM    000000
__HbssCOMRAM                             bssCOMRAM    000000
__Hcinit                                 cinit        000000
__Hclrtext                               clrtext      000000
__Hcomram                                comram       000000
__Hconfig                                config       30000E
__Hconst                                 const        000000
__HcstackBANK0                           cstackBANK0  000000
__HcstackCOMRAM                          cstackCOMRAM 000000
__Hdata                                  data         000000
__HdataBANK0                             dataBANK0    000000
__Heeprom_data                           eeprom_data  000000
__Hfarbss                                farbss       000000
__Hfardata                               fardata      000000
__Hibigdata                              ibigdata     000000
__Hidata                                 idata        000000
__HidataBANK0                            idataBANK0   000000
__Hidloc                                 idloc        200008
__Hifardata                              ifardata     000000
__Hinit                                  init         000012
__Hintcode                               intcode      00000E
__Hintcode_body                          intcode_body 000000
__Hintcodelo                             intcodelo    00000E
__Hintentry                              intentry     000000
__Hintret                                intret       000000
__Hintsave_regs                          intsave_regs 000000
__Hirdata                                irdata       000000
__Hmediumconst                           mediumconst  000000
__HnvFARRAM                              nvFARRAM     000000
__Hnvbit                                 nvbit        000000
__Hnvrram                                nvrram       000000
__Hparam                                 rparam       000000
__Hpowerup                               powerup      00000E
__Hram                                   ram          000000
__Hramtop                                ramtop       000800
__Hrbit                                  rbit         000000
__Hrbss                                  rbss         000000
__Hrdata                                 rdata        000000
__Hreset_vec                             reset_vec    000004
__Hrparam                                rparam       000000
__Hsfr                                   sfr          000000
__Hsmallconst                            smallconst   00083C
__Hspace_0                               (abs)        30000E
__Hspace_1                               (abs)        000561
__Hspace_2                               (abs)        000000
__Hstack                                 stack        000000
__Hstruct                                struct       000000
__Htemp                                  temp         000060
__Htext                                  text         000000
__Htext0                                 text0        000000
__Htext1                                 text1        000000
__Htext10                                text10       000000
__Htext11                                text11       000000
__Htext12                                text12       000000
__Htext13                                text13       000000
__Htext14                                text14       000000
__Htext15                                text15       000000
__Htext16                                text16       000000
__Htext17                                text17       000000
__Htext18                                text18       000000
__Htext19                                text19       000000
__Htext2                                 text2        000000
__Htext20                                text20       000000
__Htext21                                text21       000000
__Htext22                                text22       000000
__Htext23                                text23       000000
__Htext24                                text24       000000
__Htext25                                text25       000000
__Htext26                                text26       000000
__Htext27                                text27       000000
__Htext28                                text28       000000
__Htext29                                text29       000000
__Htext3                                 text3        000000
__Htext30                                text30       000000
__Htext31                                text31       000000
__Htext32                                text32       000000
__Htext33                                text33       000000
__Htext34                                text34       000000
__Htext35                                text35       000000
__Htext36                                text36       000000
__Htext37                                text37       000000
__Htext38                                text38       000000
__Htext39                                text39       000000
__Htext4                                 text4        000000
__Htext40                                text40       000000
__Htext41                                text41       000000
__Htext42                                text42       000000
__Htext43                                text43       000000
__Htext44                                text44       000000
__Htext45                                text45       000000
__Htext46                                text46       000000
__Htext47                                text47       000000
__Htext48                                text48       000000
__Htext49                                text49       000000
__Htext5                                 text5        000000
__Htext50                                text50       000000
__Htext51                                text51       000000
__Htext52                                text52       000000
__Htext53                                text53       000000
__Htext54                                text54       000000
__Htext55                                text55       000000
__Htext56                                text56       000000
__Htext57                                text57       000000
__Htext58                                text58       000000
__Htext59                                text59       000000
__Htext6                                 text6        000000
__Htext60                                text60       000000
__Htext61                                text61       000000
__Htext62                                text62       000000
__Htext63                                text63       000000
__Htext64                                text64       000000
__Htext65                                text65       000000
__Htext66                                text66       000000
__Htext67                                text67       000000
__Htext68                                text68       000000
__Htext69                                text69       000000
__Htext7                                 text7        000000
__Htext71                                text71       000000
__Htext72                                text72       000000
__Htext73                                text73       000000
__Htext74                                text74       000000
__Htext75                                text75       000000
__Htext76                                text76       000000
__Htext77                                text77       000000
__Htext78                                text78       000000
__Htext79                                text79       000000
__Htext8                                 text8        000000
__Htext80                                text80       000000
__Htext81                                text81       000000
__Htext82                                text82       000000
__Htext83                                text83       000000
__Htext84                                text84       000000
__Htext85                                text85       000000
__Htext86                                text86       000000
__Htext87                                text87       000000
__Htext88                                text88       000000
__Htext89                                text89       000000
__Htext9                                 text9        000000
__Hub                                    bssBANK1     000100
__LRAM                                   (abs)        000001
__Labs1                                  abs1         000000
__Lbank0                                 bank0        000000
__Lbank1                                 bank1        000000
__Lbank2                                 bank2        000000
__Lbank3                                 bank3        000000
__Lbank4                                 bank4        000000
__Lbank5                                 bank5        000000
__Lbank6                                 bank6        000000
__Lbank7                                 bank7        000000
__Lbigbss                                bigbss       000000
__Lbigdata                               bigdata      000000
__Lbigram                                bigram       000000
__Lbss                                   bss          000000
__LbssBANK0                              bssBANK0     000000
__LbssBANK1                              bssBANK1     000000
__LbssBANK2                              bssBANK2     000000
__LbssBIGRAM                             bssBIGRAM    000000
__LbssCOMRAM                             bssCOMRAM    000000
__Lcinit                                 cinit        000000
__Lclrtext                               clrtext      000000
__Lcomram                                comram       000000
__Lconfig                                config       300000
__Lconst                                 const        000000
__LcstackBANK0                           cstackBANK0  000000
__LcstackCOMRAM                          cstackCOMRAM 000000
__Ldata                                  data         000000
__LdataBANK0                             dataBANK0    000000
__Leeprom_data                           eeprom_data  000000
__Lfarbss                                farbss       000000
__Lfardata                               fardata      000000
__Libigdata                              ibigdata     000000
__Lidata                                 idata        000000
__LidataBANK0                            idataBANK0   000000
__Lidloc                                 idloc        200000
__Lifardata                              ifardata     000000
__Linit                                  init         00000E
__Lintcode                               intcode      000008
__Lintcode_body                          intcode_body 000000
__Lintcodelo                             intcodelo    00000E
__Lintentry                              intentry     000000
__Lintret                                intret       000000
__Lintsave_regs                          intsave_regs 000000
__Lirdata                                irdata       000000
__Lmediumconst                           mediumconst  000000
__LnvFARRAM                              nvFARRAM     000000
__Lnvbit                                 nvbit        000000
__Lnvrram                                nvrram       000000
__Lparam                                 rparam       000000
__Lpowerup                               powerup      00000E
__Lram                                   ram          000000
__Lramtop                                ramtop       000800
__Lrbit                                  rbit         000000
__Lrbss                                  rbss         000000
__Lrdata                                 rdata        000000
__Lreset_vec                             reset_vec    000000
__Lrparam                                rparam       000000
__Lsfr                                   sfr          000000
__Lsmallconst                            smallconst   000800
__Lspace_0                               (abs)        000000
__Lspace_1                               (abs)        000000
__Lspace_2                               (abs)        000000
__Lstack                                 stack        000000
__Lstruct                                struct       000000
__Ltemp                                  temp         00005F
__Ltext                                  text         000000
__Ltext0                                 text0        000000
__Ltext1                                 text1        000000
__Ltext10                                text10       000000
__Ltext11                                text11       000000
__Ltext12                                text12       000000
__Ltext13                                text13       000000
__Ltext14                                text14       000000
__Ltext15                                text15       000000
__Ltext16                                text16       000000
__Ltext17                                text17       000000
__Ltext18                                text18       000000
__Ltext19                                text19       000000
__Ltext2                                 text2        000000
__Ltext20                                text20       000000
__Ltext21                                text21       000000
__Ltext22                                text22       000000
__Ltext23                                text23       000000
__Ltext24                                text24       000000
__Ltext25                                text25       000000
__Ltext26                                text26       000000
__Ltext27                                text27       000000
__Ltext28                                text28       000000
__Ltext29                                text29       000000
__Ltext3                                 text3        000000
__Ltext30                                text30       000000
__Ltext31                                text31       000000
__Ltext32                                text32       000000
__Ltext33                                text33       000000
__Ltext34                                text34       000000
__Ltext35                                text35       000000
__Ltext36                                text36       000000
__Ltext37                                text37       000000
__Ltext38                                text38       000000
__Ltext39                                text39       000000
__Ltext4                                 text4        000000
__Ltext40                                text40       000000
__Ltext41                                text41       000000
__Ltext42                                text42       000000
__Ltext43                                text43       000000
__Ltext44                                text44       000000
__Ltext45                                text45       000000
__Ltext46                                text46       000000
__Ltext47                                text47       000000
__Ltext48                                text48       000000
__Ltext49                                text49       000000
__Ltext5                                 text5        000000
__Ltext50                                text50       000000
__Ltext51                                text51       000000
__Ltext52                                text52       000000
__Ltext53                                text53       000000
__Ltext54                                text54       000000
__Ltext55                                text55       000000
__Ltext56                                text56       000000
__Ltext57                                text57       000000
__Ltext58                                text58       000000
__Ltext59                                text59       000000
__Ltext6                                 text6        000000
__Ltext60                                text60       000000
__Ltext61                                text61       000000
__Ltext62                                text62       000000
__Ltext63                                text63       000000
__Ltext64                                text64       000000
__Ltext65                                text65       000000
__Ltext66                                text66       000000
__Ltext67                                text67       000000
__Ltext68                                text68       000000
__Ltext69                                text69       000000
__Ltext7                                 text7        000000
__Ltext71                                text71       000000
__Ltext72                                text72       000000
__Ltext73                                text73       000000
__Ltext74                                text74       000000
__Ltext75                                text75       000000
__Ltext76                                text76       000000
__Ltext77                                text77       000000
__Ltext78                                text78       000000
__Ltext79                                text79       000000
__Ltext8                                 text8        000000
__Ltext80                                text80       000000
__Ltext81                                text81       000000
__Ltext82                                text82       000000
__Ltext83                                text83       000000
__Ltext84                                text84       000000
__Ltext85                                text85       000000
__Ltext86                                text86       000000
__Ltext87                                text87       000000
__Ltext88                                text88       000000
__Ltext89                                text89       000000
__Ltext9                                 text9        000000
__MidiInput                              bssBIGRAM    00041D
__MidiOutput                             bssBIGRAM    0002D9
__Modified                               bssBANK0     0000E0
__S0                                     (abs)        30000E
__S1                                     (abs)        000561
__S2                                     (abs)        000000
__Saving                                 bssBANK0     0000DF
__Timer                                  bssCOMRAM    000059
___altoft                                text57       002922
___altoft@c                              cstackBANK0  000068
___altoft@exp                            cstackBANK0  000070
___altoft@sign                           cstackBANK0  000071
___awtoft                                text64       002F48
___awtoft@c                              cstackBANK0  000068
___awtoft@sign                           cstackBANK0  00006B
___ftadd                                 text61       0011A6
___ftadd@exp1                            cstackBANK0  00009A
___ftadd@exp2                            cstackBANK0  000099
___ftadd@f1                              cstackBANK0  00008F
___ftadd@f2                              cstackBANK0  000092
___ftadd@sign                            cstackBANK0  000098
___ftdiv                                 text63       001E90
___ftdiv@cntr                            cstackBANK0  000089
___ftdiv@exp                             cstackBANK0  00008D
___ftdiv@f1                              cstackBANK0  000080
___ftdiv@f2                              cstackBANK0  000083
___ftdiv@f3                              cstackBANK0  00008A
___ftdiv@sign                            cstackBANK0  00008E
___ftge                                  text56       002A46
___ftge@ff1                              cstackBANK0  000060
___ftge@ff2                              cstackBANK0  000063
___ftmul                                 text59       001A98
___ftmul@exp                             cstackBANK0  00007B
___ftmul@f1                              cstackBANK0  000072
___ftmul@f2                              cstackBANK0  000075
___ftmul@f3_as_product                   cstackBANK0  00007D
___ftmul@sign                            cstackBANK0  00007C
___ftneg                                 text62       0030F6
___ftneg@f1                              cstackBANK0  000060
___ftpack                                text66       002386
___ftpack@arg                            cstackBANK0  000060
___ftpack@exp                            cstackBANK0  000063
___ftpack@sign                           cstackBANK0  000064
___ftsub                                 text60       002F12
___ftsub@f1                              cstackBANK0  00009B
___ftsub@f2                              cstackBANK0  00009E
___fttol                                 text55       001DD6
___fttol@exp1                            cstackBANK0  00009D
___fttol@f1                              cstackBANK0  00008F
___fttol@lval                            cstackBANK0  000099
___fttol@sign1                           cstackBANK0  000098
___inthi_sp                              stack        000000
___intlo_sp                              stack        000000
___lbdiv                                 text47       002EDC
___lbdiv@counter                         cstackBANK0  000062
___lbdiv@dividend                        cstackBANK0  000061
___lbdiv@divisor                         cstackBANK0  000060
___lbdiv@quotient                        cstackBANK0  000063
___lbmod                                 text46       003030
___lbmod@counter                         cstackBANK0  000066
___lbmod@dividend                        cstackBANK0  000065
___lbmod@divisor                         cstackBANK0  000064
___lbmod@rem                             cstackBANK0  000067
___lbtoft                                text36       003058
___lbtoft@c                              cstackBANK0  00006B
___lldiv                                 text33       00268E
___lldiv@counter                         cstackBANK0  00006C
___lldiv@dividend                        cstackBANK0  000060
___lldiv@divisor                         cstackBANK0  000064
___lldiv@quotient                        cstackBANK0  000068
___lltoft                                text65       002C86
___lltoft@c                              cstackBANK0  000068
___lltoft@exp                            cstackBANK0  000070
___param_bank                            (abs)        000000
___rparam_used                           (abs)        000001
___sp                                    stack        000000
__accesstop                              (abs)        000060
__activetblptr                           (abs)        000002
__end_of_ClockDown                       text42       0031D4
__end_of_ClockUp                         text41       003180
__end_of_ConfigureOscillator             text69       003232
__end_of_Display_Init                    text48       001690
__end_of_Display_ProcessData             text45       000A58
__end_of_Display_SwapBuffer              text89       0030BE
__end_of_Hub_CopyBuffer                  text43       00309E
__end_of_Hub_DecodeSwitch                text88       0011A6
__end_of_Hub_Init                        text37       00251C
__end_of_Hub_ReadSwitch                  text38       002D5C
__end_of_Hub_SetValue                    text87       0029E8
__end_of_Hub_UpdateValues                text78       001DD6
__end_of_I2C_Ack                         text28       0030F6
__end_of_I2C_Init                        text31       0022FC
__end_of_I2C_Read                        text27       003030
__end_of_I2C_Start                       text25       0031B8
__end_of_I2C_Stop                        text26       0031C6
__end_of_I2C_Wait                        text29       002A46
__end_of_I2C_Write                       text24       003160
__end_of_InitApp                         text16       002852
__end_of_InitConnector                   text67       003008
__end_of_InitDigiPot                     text35       001570
__end_of_InitPin                         text68       002BEA
__end_of_Interrupt                       intcode_body 0018C4
__end_of_LatchOff                        text5        00319C
__end_of_LatchOn                         text4        00318E
__end_of_Load                            text13       002386
__end_of_Midi_Init                       text32       0017AA
__end_of_Midi_Read                       text12       002618
__end_of_Midi_ResetBuffer                text34       0020A4
__end_of_Midi_Write                      text77       000C6C
__end_of_PauseHub                        text11       003220
__end_of_Persistant_Address              text22       002FAE
__end_of_Persistant_ControlByte          text23       002FDC
__end_of_Persistant_Init                 text30       00313C
__end_of_Persistant_LoadBuffer           text19       0021D6
__end_of_Persistant_ReadExternalMemory   text21       002C86
__end_of_Persistant_ReadInternalMemory   text15       0031AA
__end_of_Persistant_SaveBuffer           text9        00268E
__end_of_Persistant_WriteExternalMemory  text18       002D1A
__end_of_Persistant_WriteInternalMemory  text14       002E9E
__end_of_ReadBit                         text40       002B48
__end_of_ReadBitArray                    text39       002E20
__end_of_RunHub                          text8        003170
__end_of_Sequencer_Start                 text17       00314E
__end_of_Sequencer_StartTimer            text7        002C38
__end_of_Sequencer_StopTimer             text6        003228
__end_of_Sequencer_TimerEvent            text76       003128
__end_of_UnZip                           text20       001C40
__end_of_WriteChar                       text3        002496
__end_of_WriteData                       text2        0028BA
__end_of_Zip                             text10       001A98
__end_of___altoft                        text57       002988
__end_of___awtoft                        text64       002F7E
__end_of___ftadd                         text61       001302
__end_of___ftdiv                         text63       001F4A
__end_of___ftge                          text56       002A9E
__end_of___ftmul                         text59       001B6E
__end_of___ftneg                         text62       003110
__end_of___ftpack                        text66       002410
__end_of___ftsub                         text60       002F48
__end_of___fttol                         text55       001E90
__end_of___lbdiv                         text47       002F12
__end_of___lbmod                         text46       003058
__end_of___lbtoft                        text36       00307E
__end_of___lldiv                         text33       002704
__end_of___lltoft                        text65       002CD2
__end_of__initialization                 cinit        002768
__end_of_eval_poly                       text58       002140
__end_of_exp                             text51       001002
__end_of_floor                           text53       001D0C
__end_of_frexp                           text54       0027E6
__end_of_ldexp                           text52       00226A
__end_of_log                             text50       0019B0
__end_of_main                            text0        000E58
__end_of_memcmp                          text1        002AF4
__end_of_memcpy                          text44       002D9E
__end_of_pow                             text49       001442
__end_ofexp@coeff                        smallconst   00081F
__end_ofi2_ClockDown                     text86       00320C
__end_ofi2_ClockUp                       text85       0031FE
__end_ofi2_Hub_CopyBuffer                text75       0030DC
__end_ofi2_Hub_ReadSwitch                text81       002EDC
__end_ofi2_LatchOff                      text80       0031F0
__end_ofi2_LatchOn                       text79       0031E2
__end_ofi2_Midi_ResetBuffer              text74       001FFA
__end_ofi2_ReadBit                       text84       002B9A
__end_ofi2_ReadBitArray                  text83       002E60
__end_ofi2_Sequencer_StopTimer           text73       003230
__end_ofi2_WriteChar                     text72       00259C
__end_ofi2_WriteData                     text71       002922
__end_ofi2_memcpy                        text82       002DE0
__end_oflog@coeff                        smallconst   00083A
__initialization                         cinit        002704
__mediumconst                            mediumconst  000000
__pbssBANK0                              bssBANK0     0000DF
__pbssBANK1                              bssBANK1     000100
__pbssBANK2                              bssBANK2     000200
__pbssBIGRAM                             bssBIGRAM    0002D9
__pbssCOMRAM                             bssCOMRAM    000059
__pcinit                                 cinit        002704
__pcstackBANK0                           cstackBANK0  000060
__pcstackCOMRAM                          cstackCOMRAM 000001
__pdataBANK0                             dataBANK0    0000F2
__pidataBANK0                            idataBANK0   00320C
__pintcode                               intcode      000008
__pintcode_body                          intcode_body 0017AA
__psmallconst                            smallconst   000800
__ptext0                                 text0        000C6C
__ptext1                                 text1        002A9E
__ptext10                                text10       0019B0
__ptext11                                text11       003216
__ptext12                                text12       00259C
__ptext13                                text13       0022FC
__ptext14                                text14       002E60
__ptext15                                text15       00319C
__ptext16                                text16       0027E6
__ptext17                                text17       00313C
__ptext18                                text18       002CD2
__ptext19                                text19       002140
__ptext2                                 text2        002852
__ptext20                                text20       001B6E
__ptext21                                text21       002C38
__ptext22                                text22       002F7E
__ptext23                                text23       002FAE
__ptext24                                text24       00314E
__ptext25                                text25       0031AA
__ptext26                                text26       0031B8
__ptext27                                text27       003008
__ptext28                                text28       0030DC
__ptext29                                text29       0029E8
__ptext3                                 text3        002410
__ptext30                                text30       003128
__ptext31                                text31       00226A
__ptext32                                text32       001690
__ptext33                                text33       00268E
__ptext34                                text34       001FFA
__ptext35                                text35       001442
__ptext36                                text36       003058
__ptext37                                text37       002496
__ptext38                                text38       002D1A
__ptext39                                text39       002DE0
__ptext4                                 text4        003180
__ptext40                                text40       002AF4
__ptext41                                text41       003170
__ptext42                                text42       0031C6
__ptext43                                text43       00307E
__ptext44                                text44       002D5C
__ptext45                                text45       00083C
__ptext46                                text46       003030
__ptext47                                text47       002EDC
__ptext48                                text48       001570
__ptext49                                text49       001302
__ptext5                                 text5        00318E
__ptext50                                text50       0018C4
__ptext51                                text51       000E58
__ptext52                                text52       0021D6
__ptext53                                text53       001C40
__ptext54                                text54       002776
__ptext55                                text55       001DD6
__ptext56                                text56       002A46
__ptext57                                text57       002922
__ptext58                                text58       0020A4
__ptext59                                text59       001A98
__ptext6                                 text6        003220
__ptext60                                text60       002F12
__ptext61                                text61       0011A6
__ptext62                                text62       0030F6
__ptext63                                text63       001E90
__ptext64                                text64       002F48
__ptext65                                text65       002C86
__ptext66                                text66       002386
__ptext67                                text67       002FDC
__ptext68                                text68       002B9A
__ptext69                                text69       003230
__ptext7                                 text7        002BEA
__ptext71                                text71       0028BA
__ptext72                                text72       00251C
__ptext73                                text73       003228
__ptext74                                text74       001F4A
__ptext75                                text75       0030BE
__ptext76                                text76       003110
__ptext77                                text77       000A58
__ptext78                                text78       001D0C
__ptext79                                text79       0031D4
__ptext8                                 text8        003160
__ptext80                                text80       0031E2
__ptext81                                text81       002E9E
__ptext82                                text82       002D9E
__ptext83                                text83       002E20
__ptext84                                text84       002B48
__ptext85                                text85       0031F0
__ptext86                                text86       0031FE
__ptext87                                text87       002988
__ptext88                                text88       001002
__ptext89                                text89       00309E
__ptext9                                 text9        002618
__ramtop                                 ramtop       000800
__size_of_ClockDown                      (abs)        000000
__size_of_ClockUp                        (abs)        000000
__size_of_ConfigureOscillator            (abs)        000000
__size_of_Display_Init                   (abs)        000000
__size_of_Display_ProcessData            (abs)        000000
__size_of_Display_SwapBuffer             (abs)        000000
__size_of_Hub_CopyBuffer                 (abs)        000000
__size_of_Hub_DecodeSwitch               (abs)        000000
__size_of_Hub_Init                       (abs)        000000
__size_of_Hub_ReadSwitch                 (abs)        000000
__size_of_Hub_SetValue                   (abs)        000000
__size_of_Hub_UpdateValues               (abs)        000000
__size_of_I2C_Ack                        (abs)        000000
__size_of_I2C_Init                       (abs)        000000
__size_of_I2C_Read                       (abs)        000000
__size_of_I2C_Start                      (abs)        000000
__size_of_I2C_Stop                       (abs)        000000
__size_of_I2C_Wait                       (abs)        000000
__size_of_I2C_Write                      (abs)        000000
__size_of_InitApp                        (abs)        000000
__size_of_InitConnector                  (abs)        000000
__size_of_InitDigiPot                    (abs)        000000
__size_of_InitPin                        (abs)        000000
__size_of_Interrupt                      (abs)        000000
__size_of_LatchOff                       (abs)        000000
__size_of_LatchOn                        (abs)        000000
__size_of_Load                           (abs)        000000
__size_of_Midi_Init                      (abs)        000000
[...]
		wreg, fsr0l, fsr0h, fsr2l, fsr2h, status,2, status,0, cstack
 Tracked objects:
		On entry : 
		On exit  : 
		Unchanged: 
 Data sizes:     COMRAM   BANK0   BANK1   BANK2   BANK3   BANK4   BANK5   BANK6   BANK7
      Params:         0       0       0       0       0       0       0       0       0
      Locals:        24       0       0       0       0       0       0       0       0
      Temps:          0       0       0       0       0       0       0       0       0
      Totals:        24       0       0       0       0       0       0       0       0
Total ram usage:       24 bytes
 Hardware stack levels used:    1
 Hardware stack levels required when called:    3
 This function calls:
		i2_ReadBitArray
		i2_memcpy
 This function is called by:
		_Hub_UpdateValues
 This function uses a non-reentrant model


 *************** function i2_memcpy *****************
 Defined at:
		line 27 in file "C:\Program Files (x86)\Microchip\xc8\v1.44\sources\common\memcpy.c"
 Parameters:    Size  Location     Type
  d1              2    0[COMRAM] PTR void 
		 -> _Hub.Switch(48), Load@LBuffer(12), _Hub(157), 
  s1              2    2[COMRAM] PTR const void 
		 -> Persistant_SaveBuffer@ABuffer(12), _Hub.Switch(48), Hub_ReadSwitch@LBitArray(24), _Config(12), 
		 -> _Hub.PrimaryBuffer(12), _Hub(157), 
  n               2    4[COMRAM] unsigned int 
 Auto vars:     Size  Location     Type
  memcpy          2    8[COMRAM] PTR const unsigned char 
		 -> Persistant_SaveBuffer@ABuffer(12), _Hub.Switch(48), Hub_ReadSwitch@LBitArray(24), _Config(12), 
		 -> _Hub.PrimaryBuffer(12), _Hub(157), 
  memcpy          2    6[COMRAM] PTR unsigned char 
		 -> _Hub.Switch(48), Load@LBuffer(12), _Hub(157), 
  memcpy          1   10[COMRAM] unsigned char 
 Return value:  Size  Location     Type
                  2    0[COMRAM] PTR void 
 Registers used:
		wreg, fsr2l, fsr2h, status,2, status,0
 Tracked objects:
		On entry : 
		On exit  : 
		Unchanged: 
 Data sizes:     COMRAM   BANK0   BANK1   BANK2   BANK3   BANK4   BANK5   BANK6   BANK7
      Params:         6       0       0       0       0       0       0       0       0
      Locals:         5       0       0       0       0       0       0       0       0
      Temps:          0       0       0       0       0       0       0       0       0
      Totals:        11       0       0       0       0       0       0       0       0
Total ram usage:       11 bytes
 Hardware stack levels used:    1
 This function calls:
		Nothing
 This function is called by:
		_Hub_UpdateValues
		i2_Hub_ReadSwitch
		i2_Hub_CopyBuffer
 This function uses a non-reentrant model


 *************** function i2_ReadBitArray *****************
 Defined at:
		line 62 in file "harware.c"
 Parameters:    Size  Location     Type
  AData           1   33[COMRAM] PTR unsigned char 
		 -> Hub_ReadSwitch@LBitArray(24), 
  AIO            15   34[COMRAM] struct .
 Auto vars:     Size  Location     Type
  ReadBitArray    2   50[COMRAM] int 
 Return value:  Size  Location     Type
                  1    wreg      void 
 Registers used:
		wreg, fsr0l, fsr0h, fsr2l, fsr2h, status,2, status,0, cstack
 Tracked objects:
		On entry : 
		On exit  : 
		Unchanged: 
 Data sizes:     COMRAM   BANK0   BANK1   BANK2   BANK3   BANK4   BANK5   BANK6   BANK7
      Params:        16       0       0       0       0       0       0       0       0
      Locals:         2       0       0       0       0       0       0       0       0
      Temps:          1       0       0       0       0       0       0       0       0
      Totals:        19       0       0       0       0       0       0       0       0
Total ram usage:       19 bytes
 Hardware stack levels used:    1
 Hardware stack levels required when called:    2
 This function calls:
		i2_ReadBit
 This function is called by:
		i2_Hub_ReadSwitch
 This function uses a non-reentrant model


 *************** function i2_ReadBit *****************
 Defined at:
		line 36 in file "harware.c"
 Parameters:    Size  Location     Type
  AIO            15   15[COMRAM] struct .
 Auto vars:     Size  Location     Type
  ReadBit         1   32[COMRAM] unsigned char 
 Return value:  Size  Location     Type
                  1    wreg      unsigned char 
 Registers used:
		wreg, fsr0l, fsr0h, fsr2l, fsr2h, status,2, status,0, cstack
 Tracked objects:
		On entry : 
		On exit  : 
		Unchanged: 
 Data sizes:     COMRAM   BANK0   BANK1   BANK2   BANK3   BANK4   BANK5   BANK6   BANK7
      Params:        15       0       0       0       0       0       0       0       0
      Locals:         1       0       0       0       0       0       0       0       0
      Temps:          2       0       0       0       0       0       0       0       0
      Totals:        18       0       0       0       0       0       0       0       0
Total ram usage:       18 bytes
 Hardware stack levels used:    1
 Hardware stack levels required when called:    1
 This function calls:
		i2_ClockDown
		i2_ClockUp
 This function is called by:
		i2_ReadBitArray
 This function uses a non-reentrant model


 *************** function i2_ClockUp *****************
 Defined at:
		line 80 in file "harware.c"
 Parameters:    Size  Location     Type
  AIO            15    0[COMRAM] struct .
 Auto vars:     Size  Location     Type
		None
 Return value:  Size  Location     Type
                  1    wreg      void 
 Registers used:
		wreg, fsr2l, fsr2h
 Tracked objects:
		On entry : 
		On exit  : 
		Unchanged: 
 Data sizes:     COMRAM   BANK0   BANK1   BANK2   BANK3   BANK4   BANK5   BANK6   BANK7
      Params:        15       0       0       0       0       0       0       0       0
      Locals:         0       0       0       0       0       0       0       0       0
      Temps:          0       0       0       0       0       0       0       0       0
      Totals:        15       0       0       0       0       0       0       0       0
Total ram usage:       15 bytes
 Hardware stack levels used:    1
 This function calls:
		Nothing
 This function is called by:
		i2_WriteChar
		i2_ReadBit
 This function uses a non-reentrant model


 *************** function i2_ClockDown *****************
 Defined at:
		line 85 in file "harware.c"
 Parameters:    Size  Location     Type
  AIO            15    0[COMRAM] struct .
 Auto vars:     Size  Location     Type
		None
 Return value:  Size  Location     Type
                  1    wreg      void 
 Registers used:
		wreg, fsr2l, fsr2h
 Tracked objects:
		On entry : 
		On exit  : 
		Unchanged: 
 Data sizes:     COMRAM   BANK0   BANK1   BANK2   BANK3   BANK4   BANK5   BANK6   BANK7
      Params:        15       0       0       0       0       0       0       0       0
      Locals:         0       0       0       0       0       0       0       0       0
      Temps:          0       0       0       0       0       0       0       0       0
      Totals:        15       0       0       0       0       0       0       0       0
Total ram usage:       15 bytes
 Hardware stack levels used:    1
 This function calls:
		Nothing
 This function is called by:
		i2_WriteChar
		i2_ReadBit
 This function uses a non-reentrant model


 *************** function _Hub_SetValue *****************
 Defined at:
		line 73 in file "hub.c"
 Parameters:    Size  Location     Type
  ASourceValue    2    4[COMRAM] PTR unsigned char 
		 -> _Hub.PrimaryBuffer.Values(8), _Hub.PrimaryBuffer(12), _Hub(157), 
  AMinValue       1    6[COMRAM] char 
  AMaxValue       2    7[COMRAM] int 
  AIncrement      1    9[COMRAM] char 
 Auto vars:     Size  Location     Type
  LValue          2   11[COMRAM] int 
 Return value:  Size  Location     Type
                  1    wreg      void 
 Registers used:
		wreg, fsr2l, fsr2h, status,2, status,0
 Tracked objects:
		On entry : 
		On exit  : 
		Unchanged: 
 Data sizes:     COMRAM   BANK0   BANK1   BANK2   BANK3   BANK4   BANK5   BANK6   BANK7
      Params:         6       0       0       0       0       0       0       0       0
      Locals:         2       0       0       0       0       0       0       0       0
      Temps:          1       0       0       0       0       0       0       0       0
      Totals:         9       0       0       0       0       0       0       0       0
Total ram usage:        9 bytes
 Hardware stack levels used:    1
 This function calls:
		Nothing
 This function is called by:
		_Hub_UpdateValues
 This function uses a non-reentrant model


 *************** function _Hub_DecodeSwitch *****************
 Defined at:
		line 52 in file "hub.c"
 Parameters:    Size  Location     Type
  AIndex1         1    wreg     unsigned char 
  AIndex2         1    0[COMRAM] unsigned char 
 Auto vars:     Size  Location     Type
  AIndex1         1    3[COMRAM] unsigned char 
 Return value:  Size  Location     Type
                  1    wreg      char 
 Registers used:
		wreg, fsr1l, fsr1h, fsr2l, fsr2h, status,2, status,0
 Tracked objects:
		On entry : 
		On exit  : 
		Unchanged: 
 Data sizes:     COMRAM   BANK0   BANK1   BANK2   BANK3   BANK4   BANK5   BANK6   BANK7
      Params:         1       0       0       0       0       0       0       0       0
      Locals:         1       0       0       0       0       0       0       0       0
      Temps:          2       0       0       0       0       0       0       0       0
      Totals:         4       0       0       0       0       0       0       0       0
Total ram usage:        4 bytes
 Hardware stack levels used:    1
 This function calls:
		Nothing
 This function is called by:
		_Hub_UpdateValues
 This function uses a non-reentrant model


 *************** function _Display_SwapBuffer *****************
 Defined at:
		line 94 in file "display.c"
 Parameters:    Size  Location     Type
		None
 Auto vars:     Size  Location     Type
  LSwap           2    0[COMRAM] PTR unsigned char 
		 -> _Display.Buffer2(90), _Display.Buffer1(90), _Display(217), 
 Return value:  Size  Location     Type
                  1    wreg      void 
 Registers used:
		wreg, status,2, status,0
 Tracked objects:
		On entry : 
		On exit  : 
		Unchanged: 
 Data sizes:     COMRAM   BANK0   BANK1   BANK2   BANK3   BANK4   BANK5   BANK6   BANK7
      Params:         0       0       0       0       0       0       0       0       0
      Locals:         2       0       0       0       0       0       0       0       0
      Temps:          0       0       0       0       0       0       0       0       0
      Totals:         2       0       0       0       0       0       0       0       0
Total ram usage:        2 bytes
 Hardware stack levels used:    1
 This function calls:
		Nothing
 This function is called by:
		_Interrupt
 This function uses a non-reentrant model



MODULE INFORMATION

Module		Function		Class		Link	Load	Size
C:\Program Files (x86)\Microchip\xc8\v1.44\sources\common\awtoft.c
		___awtoft      		CODE           	2F48	0000	55

C:\Program Files (x86)\Microchip\xc8\v1.44\sources\common\awtoft.c estimated size: 55

C:\Program Files (x86)\Microchip\xc8\v1.44\sources\common\lbtoft.c
		___lbtoft      		CODE           	3058	0000	39

C:\Program Files (x86)\Microchip\xc8\v1.44\sources\common\lbtoft.c estimated size: 39

C:\Program Files (x86)\Microchip\xc8\v1.44\sources\common\lbdiv.c
		___lbdiv       		CODE           	2EDC	0000	55

C:\Program Files (x86)\Microchip\xc8\v1.44\sources\common\lbdiv.c estimated size: 55

C:\Program Files (x86)\Microchip\xc8\v1.44\sources\common\altoft.c
		___altoft      		CODE           	2922	0000	103

C:\Program Files (x86)\Microchip\xc8\v1.44\sources\common\altoft.c estimated size: 103

sequencer.c
		_Sequencer_StartTimer		CODE           	2BEA	0000	79
		_Sequencer_StopTimer		CODE           	3220	0000	9
		_Sequencer_Start		CODE           	313C	0000	19

sequencer.c estimated size: 107

C:\Program Files (x86)\Microchip\xc8\v1.44\sources\common\frexp.c
		_ldexp         		CODE           	21D6	0000	149
		_frexp         		CODE           	2776	0000	113

C:\Program Files (x86)\Microchip\xc8\v1.44\sources\common\frexp.c estimated size: 262

C:\Program Files (x86)\Microchip\xc8\v1.44\sources\common\lltoft.c
		___lltoft      		CODE           	2C86	0000	77

C:\Program Files (x86)\Microchip\xc8\v1.44\sources\common\lltoft.c estimated size: 77

C:\Program Files (x86)\Microchip\xc8\v1.44\sources\common\floor.c
		_floor         		CODE           	1C40	0000	205

C:\Program Files (x86)\Microchip\xc8\v1.44\sources\common\floor.c estimated size: 205

C:\Program Files (x86)\Microchip\xc8\v1.44\sources\common\ftmul.c
		___ftmul       		CODE           	1A98	0000	215

C:\Program Files (x86)\Microchip\xc8\v1.44\sources\common\ftmul.c estimated size: 215

I2C.c
		_I2C_Write     		CODE           	314E	0000	19
		_I2C_Stop      		CODE           	31B8	0000	15
		_I2C_Wait      		CODE           	29E8	0000	95
		_I2C_Read      		CODE           	3008	0000	41
		_I2C_Init      		CODE           	226A	0000	147
		_I2C_Ack       		CODE           	30DC	0000	27
		_I2C_Start     		CODE           	31AA	0000	15

I2C.c estimated size: 359

C:\Program Files (x86)\Microchip\xc8\v1.44\sources\common\ftdiv.c
		___ftdiv       		CODE           	1E90	0000	187

C:\Program Files (x86)\Microchip\xc8\v1.44\sources\common\ftdiv.c estimated size: 187

C:\Program Files (x86)\Microchip\xc8\v1.44\sources\common\ftge.c
		___ftge        		CODE           	2A46	0000	89

C:\Program Files (x86)\Microchip\xc8\v1.44\sources\common\ftge.c estimated size: 89

C:\Program Files (x86)\Microchip\xc8\v1.44\sources\common\memcmp.c
		_memcmp        		CODE           	2A9E	0000	87

C:\Program Files (x86)\Microchip\xc8\v1.44\sources\common\memcmp.c estimated size: 87

C:\Program Files (x86)\Microchip\xc8\v1.44\sources\common\memcpy.c
		_memcpy        		CODE           	2D5C	0000	67

C:\Program Files (x86)\Microchip\xc8\v1.44\sources\common\memcpy.c estimated size: 67

C:\Program Files (x86)\Microchip\xc8\v1.44\sources\common\lldiv.c
		___lldiv       		CODE           	268E	0000	119

C:\Program Files (x86)\Microchip\xc8\v1.44\sources\common\lldiv.c estimated size: 119

C:\Program Files (x86)\Microchip\xc8\v1.44\sources\common\exp.c
		_exp           		CODE           	0E58	0000	427

C:\Program Files (x86)\Microchip\xc8\v1.44\sources\common\exp.c estimated size: 427

C:\Program Files (x86)\Microchip\xc8\v1.44\sources\common\fttol.c
		___fttol       		CODE           	1DD6	0000	187

C:\Program Files (x86)\Microchip\xc8\v1.44\sources\common\fttol.c estimated size: 187

digipot.c
		_InitDigiPot   		CODE           	1442	0000	303

digipot.c estimated size: 303

zip.c
		_Zip           		CODE           	19B0	0000	233
		_UnZip         		CODE           	1B6E	0000	211

zip.c estimated size: 444

C:\Program Files (x86)\Microchip\xc8\v1.44\sources\common\evalpoly.c
		_eval_poly     		CODE           	20A4	0000	157

C:\Program Files (x86)\Microchip\xc8\v1.44\sources\common\evalpoly.c estimated size: 157

shared
		exp@coeff      		SMALLCONST     	0801	0000	31
		i2_Midi_ResetBuffer		CODE           	1F4A	0000	177
		i2_ReadBit     		CODE           	2B48	0000	83
		i2_Sequencer_StopTimer		CODE           	3228	0000	9
		__initialization		CODE           	2704	0000	101
		i2_ClockUp     		CODE           	31F0	0000	15
		i2_Hub_CopyBuffer		CODE           	30BE	0000	31
		i2_ClockDown   		CODE           	31FE	0000	15
		i2_ReadBitArray		CODE           	2E20	0000	65
		i2_WriteData   		CODE           	28BA	0000	105
		i2_WriteChar   		CODE           	251C	0000	129
		log@coeff      		SMALLCONST     	081F	0000	28
		i2_LatchOn     		CODE           	31D4	0000	15
		i2_LatchOff    		CODE           	31E2	0000	15
		i2_Hub_ReadSwitch		CODE           	2E9E	0000	63
		i2_memcpy      		CODE           	2D9E	0000	67

shared estimated size: 949

persistant.c
		_Persistant_Address		CODE           	2F7E	0000	49
		_Persistant_LoadBuffer		CODE           	2140	0000	151
		_Persistant_SaveBuffer		CODE           	2618	0000	119
		_Persistant_WriteInternalMemory		CODE           	2E60	0000	63
		_Persistant_ReadInternalMemory		CODE           	319C	0000	15
		_Persistant_ReadExternalMemory		CODE           	2C38	0000	79
		_Persistant_Init		CODE           	3128	0000	21
		_Persistant_WriteExternalMemory		CODE           	2CD2	0000	73
		_Persistant_ControlByte		CODE           	2FAE	0000	47

persistant.c estimated size: 617

C:\Program Files (x86)\Microchip\xc8\v1.44\sources\common\lbmod.c
		___lbmod       		CODE           	3030	0000	41

C:\Program Files (x86)\Microchip\xc8\v1.44\sources\common\lbmod.c estimated size: 41

C:\Program Files (x86)\Microchip\xc8\v1.44\sources\common\ftadd.c
		___ftadd       		CODE           	11A6	0000	349

C:\Program Files (x86)\Microchip\xc8\v1.44\sources\common\ftadd.c estimated size: 349

display.c
		_Display_SwapBuffer		CODE           	309E	0000	33
		_Display_ProcessData		CODE           	083C	0000	541
		_Display_Init  		CODE           	1570	0000	289

display.c estimated size: 863

harware.c
		_ClockUp       		CODE           	3170	0000	17
		_ReadBit       		CODE           	2AF4	0000	85
		_LatchOn       		CODE           	3180	0000	15
		_ReadBitArray  		CODE           	2DE0	0000	65
		_InitConnector 		CODE           	2FDC	0000	45
		_InitPin       		CODE           	2B9A	0000	81
		_WriteData     		CODE           	2852	0000	105
		_ClockDown     		CODE           	31C6	0000	15
		_LatchOff      		CODE           	318E	0000	15
		_WriteChar     		CODE           	2410	0000	135

harware.c estimated size: 578

C:\Program Files (x86)\Microchip\xc8\v1.44\sources\common\log.c
		_log           		CODE           	18C4	0000	237

C:\Program Files (x86)\Microchip\xc8\v1.44\sources\common\log.c estimated size: 237

user.c
		_InitApp       		CODE           	27E6	0000	109

user.c estimated size: 109

hub.c
		_Hub_Init      		CODE           	2496	0000	135
		_Hub_DecodeSwitch		CODE           	1002	0000	421
		_Hub_ReadSwitch		CODE           	2D1A	0000	67
		_Hub_SetValue  		CODE           	2988	0000	97
		_Hub_CopyBuffer		CODE           	307E	0000	33
		_Hub_UpdateValues		CODE           	1D0C	0000	203

hub.c estimated size: 956

midi.c
		_Midi_Write    		CODE           	0A58	0000	533
		_Midi_Read     		CODE           	259C	0000	125
		_Midi_Init     		CODE           	1690	0000	283
		_Midi_ResetBuffer		CODE           	1FFA	0000	171

midi.c estimated size: 1112

C:\Program Files (x86)\Microchip\xc8\v1.44\sources\common\ftneg.c
		___ftneg       		CODE           	30F6	0000	27

C:\Program Files (x86)\Microchip\xc8\v1.44\sources\common\ftneg.c estimated size: 27

main.c
		_Load          		CODE           	22FC	0000	139
		_Interrupt     		CODE           	0008	0000	289
		_RunHub        		CODE           	3160	0000	17
		_main          		CODE           	0C6C	0000	493
		_Sequencer_TimerEvent		CODE           	3110	0000	25
		_PauseHub      		CODE           	3216	0000	11

main.c estimated size: 974

system.c
		_ConfigureOscillator		CODE           	3230	0000	3

system.c estimated size: 3

C:\Program Files (x86)\Microchip\xc8\v1.44\sources\common\ftsub.c
		___ftsub       		CODE           	2F12	0000	55

C:\Program Files (x86)\Microchip\xc8\v1.44\sources\common\ftsub.c estimated size: 55

C:\Program Files (x86)\Microchip\xc8\v1.44\sources\common\pow.c
		_pow           		CODE           	1302	0000	321

C:\Program Files (x86)\Microchip\xc8\v1.44\sources\common\pow.c estimated size: 321

C:\Program Files (x86)\Microchip\xc8\v1.44\sources\common\float.c
		___ftpack      		CODE           	2386	0000	139

C:\Program Files (x86)\Microchip\xc8\v1.44\sources\common\float.c estimated size: 139

